<html>
<body>
<pre>
<h1>µVision Build Log</h1>
<h2>Tool Versions:</h2>
IDE-Version: µVision V5.36.0.0
Copyright (C) 2021 ARM Ltd and ARM Germany GmbH. All rights reserved.
License Information: Egor Shalaev, AO, LIC=BUURY-IH9HP-12RLE-56FW6-MD3A4-UWKSR
 
Tool Versions:
Toolchain:       MDK-ARM Plus  Version: 5.36.0.0
Toolchain Path:  D:\DownloadedApplications\All_for_MCU\KeiluVision5_(MDK_ARM)_IDE\ARM\ARMCC\Bin
C Compiler:      Armcc.exe V5.06 update 7 (build 960)
Assembler:       Armasm.exe V5.06 update 7 (build 960)
Linker/Locator:  ArmLink.exe V5.06 update 7 (build 960)
Library Manager: ArmAr.exe V5.06 update 7 (build 960)
Hex Converter:   FromElf.exe V5.06 update 7 (build 960)
CPU DLL:         SARMCM3.DLL V5.36.0.0
Dialog DLL:      DARMCM1.DLL V1.19.4.0
Target DLL:      STLink\ST-LINKIII-KEIL_SWO.dll V3.0.9.0
Dialog DLL:      TARMCM1.DLL V1.14.4.0
 
<h2>Project:</h2>
D:\DownloadedApplications\All_for_MCU\VisionProjects\STM32F051R8Project1\STM32F051R8Project.uvprojx
Project File Date:  06/26/2022

<h2>Output:</h2>
*** Using Compiler 'V5.06 update 7 (build 960)', folder: 'D:\DownloadedApplications\All_for_MCU\KeiluVision5_(MDK_ARM)_IDE\ARM\ARMCC\Bin'
Rebuild target 'Target 1'
compiling main.c...
compiling main_conf.c...
compiling lcd_lib.c...
compiling lcd_main_menu.c...
compiling my_uart.c...
compiling ir_remote_control.c...
compiling speaker.c...
compiling game_snake.c...
compiling game_2048.c...
compiling game_tetris.c...
compiling stm32f0xx_gpio.c...
compiling stm32f0xx_rcc.c...
compiling stm32f0xx_tim.c...
compiling stm32f0xx_usart.c...
compiling stm32f0xx_spi.c...
compiling system_stm32f0xx.c...
assembling startup_stm32f051x8.s...
linking...
Program Size: Code=34808 RO-data=2768 RW-data=292 ZI-data=2548  
FromELF: creating hex file...
".\Objects\STM32F051R8Project.axf" - 0 Error(s), 0 Warning(s).

<h2>Software Packages used:</h2>

Package Vendor: Keil
                http://www.keil.com/pack/Keil.STM32F0xx_DFP.2.1.0.pack
                Keil.STM32F0xx_DFP.2.1.0
                STMicroelectronics STM32F0 Series Device Support, Drivers and Examples

<h2>Collection of Component include folders:</h2>
  D:\DownloadedApplications\All_for_MCU\MDK_ARM_Packs\Keil\STM32F0xx_DFP\2.1.0\Drivers\CMSIS\Device\ST\STM32F0xx\Include

<h2>Collection of Component Files used:</h2>
Build Time Elapsed:  00:00:26
</pre>
</body>
</html>
