Component: ARM Compiler 5.06 update 7 (build 960) Tool: armlink [4d3601]

==============================================================================

Section Cross References

    main.o(i.main) refers to main_conf.o(i.delayInit) for delayInit
    main.o(i.main) refers to main_conf.o(i.buttonPinsInit) for buttonPinsInit
    main.o(i.main) refers to main_conf.o(i.ledPinsInit) for ledPinsInit
    main.o(i.main) refers to lcd_lib.o(i.LCD_PortsInit) for LCD_PortsInit
    main.o(i.main) refers to ir_remote_control.o(i.irReseivTransInit) for irReseivTransInit
    main.o(i.main) refers to my_uart.o(i.uartPinsInit) for uartPinsInit
    main.o(i.main) refers to speaker.o(i.speakerInit) for speakerInit
    main.o(i.main) refers to lcd_lib.o(i.LCD_Init) for LCD_Init
    main.o(i.main) refers to lcd_main_menu.o(i.LCD_StartMainMenu) for LCD_StartMainMenu
    main_conf.o(i.buttonPinsInit) refers to stm32f0xx_rcc.o(i.RCC_AHBPeriphClockCmd) for RCC_AHBPeriphClockCmd
    main_conf.o(i.buttonPinsInit) refers to stm32f0xx_gpio.o(i.GPIO_Init) for GPIO_Init
    main_conf.o(i.delayInit) refers to stm32f0xx_rcc.o(i.RCC_GetClocksFreq) for RCC_GetClocksFreq
    main_conf.o(i.delayInit) refers to main_conf.o(.bss) for clockStruct
    main_conf.o(i.delayInit) refers to main_conf.o(.data) for buttonDelayUs
    main_conf.o(i.delayUs) refers to aeabi_sdiv.o(.text) for __aeabi_uidivmod
    main_conf.o(i.delayUs) refers to system_stm32f0xx.o(.data) for SystemCoreClock
    main_conf.o(i.isButtonPressed) refers to stm32f0xx_gpio.o(i.GPIO_ReadInputDataBit) for GPIO_ReadInputDataBit
    main_conf.o(i.isButtonPressed) refers to main_conf.o(i.delayUs) for delayUs
    main_conf.o(i.isButtonPressed) refers to ir_remote_control.o(.data) for IR_curButton
    main_conf.o(i.ledPinsInit) refers to stm32f0xx_rcc.o(i.RCC_AHBPeriphClockCmd) for RCC_AHBPeriphClockCmd
    main_conf.o(i.ledPinsInit) refers to stm32f0xx_gpio.o(i.GPIO_Init) for GPIO_Init
    main_conf.o(i.randLcg) refers to main_conf.o(.data) for seed
    lcd_lib.o(i.LCD_BufferShiftPage) refers to lcd_lib.o(.bss) for displayBuffer
    lcd_lib.o(i.LCD_ClearBufferPage) refers to lcd_lib.o(.bss) for displayBuffer
    lcd_lib.o(i.LCD_ClearOrFillDisplay) refers to lcd_lib.o(i.LCD_SetAddr) for LCD_SetAddr
    lcd_lib.o(i.LCD_ClearOrFillDisplay) refers to lcd_lib.o(i.LCD_SendByteData) for LCD_SendByteData
    lcd_lib.o(i.LCD_DisplayFullUpdate) refers to lcd_lib.o(i.LCD_SetAddr) for LCD_SetAddr
    lcd_lib.o(i.LCD_DisplayFullUpdate) refers to lcd_lib.o(i.LCD_GetHorizontalByte) for LCD_GetHorizontalByte
    lcd_lib.o(i.LCD_DisplayFullUpdate) refers to lcd_lib.o(i.LCD_SendByteData) for LCD_SendByteData
    lcd_lib.o(i.LCD_DrawAllLibSymbolls) refers to lcd_lib.o(i.LCD_WriteSymbolToBuffer) for LCD_WriteSymbolToBuffer
    lcd_lib.o(i.LCD_DrawAllLibSymbolls) refers to lcd_lib.o(i.LCD_DisplayFullUpdate) for LCD_DisplayFullUpdate
    lcd_lib.o(i.LCD_DrawAllLibSymbolls) refers to lcd_lib.o(.bss) for displayBuffer
    lcd_lib.o(i.LCD_DrawPageFromBuffer) refers to lcd_lib.o(i.LCD_SetAddr) for LCD_SetAddr
    lcd_lib.o(i.LCD_DrawPageFromBuffer) refers to lcd_lib.o(i.LCD_GetHorizontalByte) for LCD_GetHorizontalByte
    lcd_lib.o(i.LCD_DrawPageFromBuffer) refers to lcd_lib.o(i.LCD_SendByteData) for LCD_SendByteData
    lcd_lib.o(i.LCD_GetHorizontalByte) refers to lcd_lib.o(.bss) for displayBuffer
    lcd_lib.o(i.LCD_Init) refers to main_conf.o(i.delayUs) for delayUs
    lcd_lib.o(i.LCD_Init) refers to lcd_lib.o(i.LCD_SendByteData) for LCD_SendByteData
    lcd_lib.o(i.LCD_PortsInit) refers to stm32f0xx_rcc.o(i.RCC_AHBPeriphClockCmd) for RCC_AHBPeriphClockCmd
    lcd_lib.o(i.LCD_PortsInit) refers to stm32f0xx_gpio.o(i.GPIO_Init) for GPIO_Init
    lcd_lib.o(i.LCD_PortsInit) refers to stm32f0xx_gpio.o(i.GPIO_PinAFConfig) for GPIO_PinAFConfig
    lcd_lib.o(i.LCD_PortsInit) refers to stm32f0xx_rcc.o(i.RCC_APB1PeriphClockCmd) for RCC_APB1PeriphClockCmd
    lcd_lib.o(i.LCD_PortsInit) refers to main_conf.o(i.delayUs) for delayUs
    lcd_lib.o(i.LCD_PortsInit) refers to stm32f0xx_spi.o(i.SPI_Init) for SPI_Init
    lcd_lib.o(i.LCD_PortsInit) refers to stm32f0xx_spi.o(i.SPI_Cmd) for SPI_Cmd
    lcd_lib.o(i.LCD_RunLine) refers to lcd_lib.o(i.LCD_BufferShiftPage) for LCD_BufferShiftPage
    lcd_lib.o(i.LCD_RunLine) refers to lcd_lib.o(i.LCD_getUTF8SymbolIndex) for LCD_getUTF8SymbolIndex
    lcd_lib.o(i.LCD_RunLine) refers to lcd_lib.o(i.LCD_DrawPageFromBuffer) for LCD_DrawPageFromBuffer
    lcd_lib.o(i.LCD_RunLine) refers to main_conf.o(i.delayUs) for delayUs
    lcd_lib.o(i.LCD_RunLine) refers to lcd_lib.o(.constdata) for LIBRARY_SYMBOL
    lcd_lib.o(i.LCD_RunLine) refers to lcd_lib.o(.bss) for displayBuffer
    lcd_lib.o(i.LCD_SendByteData) refers to stm32f0xx_spi.o(i.SPI_I2S_GetFlagStatus) for SPI_I2S_GetFlagStatus
    lcd_lib.o(i.LCD_SendByteData) refers to stm32f0xx_spi.o(i.SPI_SendData8) for SPI_SendData8
[...]
    .ARM.Collect$$rtentry$$0000000A          0x0800016a   Section        4  __rtentry2.o(.ARM.Collect$$rtentry$$0000000A)
    .ARM.Collect$$rtentry$$0000000C          0x0800016e   Section        0  __rtentry2.o(.ARM.Collect$$rtentry$$0000000C)
    .ARM.Collect$$rtentry$$0000000D          0x0800016e   Section        8  __rtentry2.o(.ARM.Collect$$rtentry$$0000000D)
    .ARM.Collect$$rtexit$$00000000           0x08000176   Section        2  rtexit.o(.ARM.Collect$$rtexit$$00000000)
    .ARM.Collect$$rtexit$$00000002           0x08000178   Section        0  rtexit2.o(.ARM.Collect$$rtexit$$00000002)
    .ARM.Collect$$rtexit$$00000003           0x08000178   Section        4  rtexit2.o(.ARM.Collect$$rtexit$$00000003)
    .ARM.Collect$$rtexit$$00000004           0x0800017c   Section        6  rtexit2.o(.ARM.Collect$$rtexit$$00000004)
    .emb_text                                0x08000184   Section       56  rt_memcpy.o(.emb_text)
    .text                                    0x080001bc   Section       52  startup_stm32f051x8.o(.text)
    .text                                    0x080001f0   Section        0  llshl.o(.text)
    .text                                    0x08000210   Section        0  lludiv.o(.text)
    .text                                    0x08000314   Section        0  noretval__2sprintf.o(.text)
    .text                                    0x0800033c   Section        0  _printf_pad.o(.text)
    .text                                    0x0800038c   Section        0  _printf_dec.o(.text)
    .text                                    0x080003f8   Section        0  _printf_hex_int.o(.text)
    .text                                    0x08000450   Section        0  __printf_flags_wp.o(.text)
    .text                                    0x08000588   Section        0  rt_memcpy.o(.text)
    .text                                    0x0800060a   Section        0  rt_memclr.o(.text)
    .text                                    0x0800064a   Section      346  aeabi_sdiv.o(.text)
    .text                                    0x080007a4   Section        0  heapauxi.o(.text)
    .text                                    0x080007aa   Section        0  dflti.o(.text)
    .text                                    0x08000802   Section        0  _printf_intcommon.o(.text)
    .text                                    0x080008b4   Section        0  _printf_char_common.o(.text)
    _printf_input_char                       0x080008b5   Thumb Code    10  _printf_char_common.o(.text)
    .text                                    0x080008e4   Section        0  _sputc.o(.text)
    .text                                    0x080008ee   Section        0  rtudiv10.o(.text)
    .text                                    0x08000918   Section        0  dcmpin.o(.text)
    .text                                    0x080009a8   Section        0  cmpret.o(.text)
    .text                                    0x080009d8   Section        0  dnan2.o(.text)
    .text                                    0x080009ec   Section       62  sys_stackheap_outer.o(.text)
    .text                                    0x08000a2a   Section        0  exit.o(.text)
    .text                                    0x08000a3a   Section        0  retnan.o(.text)
    .text                                    0x08000a98   Section        8  libspace.o(.text)
    .text                                    0x08000aa0   Section        0  sys_exit.o(.text)
    .text                                    0x08000aac   Section        2  use_no_semi.o(.text)
    .text                                    0x08000aae   Section        0  indicate_semi.o(.text)
    i.GPIO_Init                              0x08000aae   Section        0  stm32f0xx_gpio.o(i.GPIO_Init)
    i.GPIO_PinAFConfig                       0x08000b3e   Section        0  stm32f0xx_gpio.o(i.GPIO_PinAFConfig)
    i.GPIO_ReadInputDataBit                  0x08000b82   Section        0  stm32f0xx_gpio.o(i.GPIO_ReadInputDataBit)
    i.GPIO_ReadOutputDataBit                 0x08000b96   Section        0  stm32f0xx_gpio.o(i.GPIO_ReadOutputDataBit)
    i.GPIO_WriteBit                          0x08000baa   Section        0  stm32f0xx_gpio.o(i.GPIO_WriteBit)
    i.HardFault_Handler                      0x08000bb6   Section        0  main.o(i.HardFault_Handler)
    i.LCD_ClearOrFillDisplay                 0x08000bb8   Section        0  lcd_lib.o(i.LCD_ClearOrFillDisplay)
    i.LCD_DisplayFullUpdate                  0x08000c04   Section        0  lcd_lib.o(i.LCD_DisplayFullUpdate)
    i.LCD_DrawPageFromBuffer                 0x08000c5c   Section        0  lcd_lib.o(i.LCD_DrawPageFromBuffer)
    i.LCD_FillMenuBuffer                     0x08000c9c   Section        0  lcd_main_menu.o(i.LCD_FillMenuBuffer)
    LCD_FillMenuBuffer                       0x08000c9d   Thumb Code    90  lcd_main_menu.o(i.LCD_FillMenuBuffer)
    i.LCD_GetHorizontalByte                  0x08000d10   Section        0  lcd_lib.o(i.LCD_GetHorizontalByte)
    i.LCD_Init                               0x08000d64   Section        0  lcd_lib.o(i.LCD_Init)
    i.LCD_PortsInit                          0x08000dec   Section        0  lcd_lib.o(i.LCD_PortsInit)
    i.LCD_SendByteData                       0x08000e90   Section        0  lcd_lib.o(i.LCD_SendByteData)
    i.LCD_SetAddr                            0x08000f14   Section        0  lcd_lib.o(i.LCD_SetAddr)
    i.LCD_SetBufferCursor                    0x08000f4c   Section        0  lcd_lib.o(i.LCD_SetBufferCursor)
    i.LCD_StartMainMenu                      0x08000f5c   Section        0  lcd_main_menu.o(i.LCD_StartMainMenu)
    i.LCD_WriteStringToBuffer                0x080010c0   Section        0  lcd_lib.o(i.LCD_WriteStringToBuffer)
    i.LCD_WriteSymbolToBuffer                0x080010e8   Section        0  lcd_lib.o(i.LCD_WriteSymbolToBuffer)
    LCD_WriteSymbolToBuffer                  0x080010e9   Thumb Code   100  lcd_lib.o(i.LCD_WriteSymbolToBuffer)
    i.LCD_getUTF8SymbolIndex                 0x0800115c   Section        0  lcd_lib.o(i.LCD_getUTF8SymbolIndex)
    i.LCD_writeHorStringToBuffer             0x080011cc   Section        0  lcd_lib.o(i.LCD_writeHorStringToBuffer)
    i.NVIC_EnableIRQ                         0x08001320   Section        0  ir_remote_control.o(i.NVIC_EnableIRQ)
    NVIC_EnableIRQ                           0x08001321   Thumb Code    14  ir_remote_control.o(i.NVIC_EnableIRQ)
    i.RCC_AHBPeriphClockCmd                  0x08001334   Section        0  stm32f0xx_rcc.o(i.RCC_AHBPeriphClockCmd)
    i.RCC_APB1PeriphClockCmd                 0x08001354   Section        0  stm32f0xx_rcc.o(i.RCC_APB1PeriphClockCmd)
    i.RCC_APB2PeriphClockCmd                 0x08001374   Section        0  stm32f0xx_rcc.o(i.RCC_APB2PeriphClockCmd)
    i.RCC_GetClocksFreq                      0x08001394   Section        0  stm32f0xx_rcc.o(i.RCC_GetClocksFreq)
    i.SPI_Cmd                                0x080015dc   Section        0  stm32f0xx_spi.o(i.SPI_Cmd)
    i.SPI_I2S_GetFlagStatus                  0x080015f8   Section        0  stm32f0xx_spi.o(i.SPI_I2S_GetFlagStatus)
    i.SPI_Init                               0x0800160c   Section        0  stm32f0xx_spi.o(i.SPI_Init)
    i.SPI_SendData8                          0x08001664   Section        0  stm32f0xx_spi.o(i.SPI_SendData8)
    i.SetSysClock                            0x08001670   Section        0  system_stm32f0xx.o(i.SetSysClock)
    SetSysClock                              0x08001671   Thumb Code   206  system_stm32f0xx.o(i.SetSysClock)
    i.SystemInit                             0x08001748   Section        0  system_stm32f0xx.o(i.SystemInit)
    i.TI1_Config                             0x080017c4   Section        0  stm32f0xx_tim.o(i.TI1_Config)
    TI1_Config                               0x080017c5   Thumb Code    52  stm32f0xx_tim.o(i.TI1_Config)
    i.TI2_Config                             0x080017fc   Section        0  stm32f0xx_tim.o(i.TI2_Config)
    TI2_Config                               0x080017fd   Thumb Code    66  stm32f0xx_tim.o(i.TI2_Config)
    i.TI3_Config                             0x08001848   Section        0  stm32f0xx_tim.o(i.TI3_Config)
    TI3_Config                               0x08001849   Thumb Code    64  stm32f0xx_tim.o(i.TI3_Config)
    i.TI4_Config                             0x08001890   Section        0  stm32f0xx_tim.o(i.TI4_Config)
    TI4_Config                               0x08001891   Thumb Code    66  stm32f0xx_tim.o(i.TI4_Config)
    i.TIM14_IRQHandler                       0x080018e0   Section        0  speaker.o(i.TIM14_IRQHandler)
    i.TIM15_IRQHandler                       0x08001a1c   Section        0  ir_remote_control.o(i.TIM15_IRQHandler)
    i.TIM1_CC_IRQHandler                     0x08001bb0   Section        0  ir_remote_control.o(i.TIM1_CC_IRQHandler)
    i.TIM_CCxCmd                             0x08001cac   Section        0  stm32f0xx_tim.o(i.TIM_CCxCmd)
    i.TIM_ClearITPendingBit                  0x08001cca   Section        0  stm32f0xx_tim.o(i.TIM_ClearITPendingBit)
    i.TIM_Cmd                                0x08001cd0   Section        0  stm32f0xx_tim.o(i.TIM_Cmd)
    i.TIM_GetCapture1                        0x08001cec   Section        0  stm32f0xx_tim.o(i.TIM_GetCapture1)
    i.TIM_GetITStatus                        0x08001cf2   Section        0  stm32f0xx_tim.o(i.TIM_GetITStatus)
    i.TIM_ICInit                             0x08001d18   Section        0  stm32f0xx_tim.o(i.TIM_ICInit)
    i.TIM_ITConfig                           0x08001d88   Section        0  stm32f0xx_tim.o(i.TIM_ITConfig)
    i.TIM_OC2Init                            0x08001d9c   Section        0  stm32f0xx_tim.o(i.TIM_OC2Init)
    i.TIM_OC3Init                            0x08001e48   Section        0  stm32f0xx_tim.o(i.TIM_OC3Init)
    i.TIM_OC4Init                            0x08001ee0   Section        0  stm32f0xx_tim.o(i.TIM_OC4Init)
    i.TIM_OCStructInit                       0x08001f50   Section        0  stm32f0xx_tim.o(i.TIM_OCStructInit)
    i.TIM_SetAutoreload                      0x08001f64   Section        0  stm32f0xx_tim.o(i.TIM_SetAutoreload)
    i.TIM_SetIC1Prescaler                    0x08001f68   Section        0  stm32f0xx_tim.o(i.TIM_SetIC1Prescaler)
    i.TIM_SetIC2Prescaler                    0x08001f7c   Section        0  stm32f0xx_tim.o(i.TIM_SetIC2Prescaler)
    i.TIM_SetIC3Prescaler                    0x08001f94   Section        0  stm32f0xx_tim.o(i.TIM_SetIC3Prescaler)
    i.TIM_SetIC4Prescaler                    0x08001fa8   Section        0  stm32f0xx_tim.o(i.TIM_SetIC4Prescaler)
    i.TIM_TimeBaseInit                       0x08001fc0   Section        0  stm32f0xx_tim.o(i.TIM_TimeBaseInit)
    i.USART1_IRQHandler                      0x0800203c   Section        0  my_uart.o(i.USART1_IRQHandler)
    i.USART_ClearITPendingBit                0x08002260   Section        0  stm32f0xx_usart.o(i.USART_ClearITPendingBit)
    i.USART_Cmd                              0x08002272   Section        0  stm32f0xx_usart.o(i.USART_Cmd)
    i.USART_GetITStatus                      0x0800228a   Section        0  stm32f0xx_usart.o(i.USART_GetITStatus)
    i.USART_ITConfig                         0x080022d8   Section        0  stm32f0xx_usart.o(i.USART_ITConfig)
    i.USART_Init                             0x0800231c   Section        0  stm32f0xx_usart.o(i.USART_Init)
    i.USART_ReceiveData                      0x08002414   Section        0  stm32f0xx_usart.o(i.USART_ReceiveData)
    i.__ARM_common_switch8                   0x0800241e   Section        0  lcd_main_menu.o(i.__ARM_common_switch8)
    i._is_digit                              0x0800243a   Section        0  __printf_wp.o(i._is_digit)
    i.buttonPinsInit                         0x08002448   Section        0  main_conf.o(i.buttonPinsInit)
    i.checkAndShiftLines                     0x0800248c   Section        0  game_tetris.o(i.checkAndShiftLines)
    checkAndShiftLines                       0x0800248d   Thumb Code   230  game_tetris.o(i.checkAndShiftLines)
    i.checkGameEnd                           0x08002584   Section        0  game_2048.o(i.checkGameEnd)
    checkGameEnd                             0x08002585   Thumb Code   210  game_2048.o(i.checkGameEnd)
    i.chooseSpeakerType                      0x0800265c   Section        0  speaker.o(i.chooseSpeakerType)
    chooseSpeakerType                        0x0800265d   Thumb Code   156  speaker.o(i.chooseSpeakerType)
    i.delayInit                              0x08002748   Section        0  main_conf.o(i.delayInit)
    i.delayUs                                0x08002764   Section        0  main_conf.o(i.delayUs)
    i.difficultySelection                    0x08002788   Section        0  game_snake.o(i.difficultySelection)
    i.drawChooseMenu                         0x08002834   Section        0  speaker.o(i.drawChooseMenu)
    drawChooseMenu                           0x08002835   Thumb Code    38  speaker.o(i.drawChooseMenu)
    i.drawDiffMenu                           0x080028a8   Section        0  game_snake.o(i.drawDiffMenu)
    i.drawIrMode                             0x080029ac   Section        0  lcd_main_menu.o(i.drawIrMode)
    drawIrMode                               0x080029ad   Thumb Code    68  lcd_main_menu.o(i.drawIrMode)
    i.drawSongMenu                           0x08002a64   Section        0  game_snake.o(i.drawSongMenu)
    i.drawSongMenuTetris                     0x08002af0   Section        0  game_tetris.o(i.drawSongMenuTetris)
    i.drawSpeakerMenuBuffer                  0x08002b7c   Section        0  speaker.o(i.drawSpeakerMenuBuffer)
    drawSpeakerMenuBuffer                    0x08002b7d   Thumb Code    66  speaker.o(i.drawSpeakerMenuBuffer)
    i.gameInit                               0x08002bd4   Section        0  game_snake.o(i.gameInit)
    gameInit                                 0x08002bd5   Thumb Code   856  game_snake.o(i.gameInit)
    i.gameInit                               0x08002f4c   Section        0  game_2048.o(i.gameInit)
    gameInit                                 0x08002f4d   Thumb Code   182  game_2048.o(i.gameInit)
    i.gameInit                               0x08003010   Section        0  game_tetris.o(i.gameInit)
    gameInit                                 0x08003011   Thumb Code   102  game_tetris.o(i.gameInit)
    i.genFood                                0x080030a0   Section        0  game_snake.o(i.genFood)
    genFood                                  0x080030a1   Thumb Code  1768  game_snake.o(i.genFood)
    i.genNewNumber                           0x08003794   Section        0  game_2048.o(i.genNewNumber)
    genNewNumber                             0x08003795   Thumb Code    48  game_2048.o(i.genNewNumber)
    i.genNextFigType                         0x080037d0   Section        0  game_tetris.o(i.genNextFigType)
    genNextFigType                           0x080037d1   Thumb Code    82  game_tetris.o(i.genNextFigType)
    i.getAvailableIndex                      0x08003840   Section        0  game_2048.o(i.getAvailableIndex)
    getAvailableIndex                        0x08003841   Thumb Code   110  game_2048.o(i.getAvailableIndex)
    i.getNewTailDir                          0x080038b4   Section        0  game_snake.o(i.getNewTailDir)
    getNewTailDir                            0x080038b5   Thumb Code   304  game_snake.o(i.getNewTailDir)
    i.getNextHeadPx                          0x080039ec   Section        0  game_snake.o(i.getNextHeadPx)
    getNextHeadPx                            0x080039ed   Thumb Code   908  game_snake.o(i.getNextHeadPx)
    i.irProtocolAnalyze                      0x08003d84   Section        0  ir_remote_control.o(i.irProtocolAnalyze)
    i.irProtocolTest                         0x080043fc   Section        0  lcd_main_menu.o(i.irProtocolTest)
    irProtocolTest                           0x080043fd   Thumb Code   672  lcd_main_menu.o(i.irProtocolTest)
    i.irReseivTransInit                      0x0800472c   Section        0  ir_remote_control.o(i.irReseivTransInit)
    i.isButtonPressed                        0x080048c4   Section        0  main_conf.o(i.isButtonPressed)
    i.isLost                                 0x08004918   Section        0  game_tetris.o(i.isLost)
    isLost                                   0x08004919   Thumb Code    60  game_tetris.o(i.isLost)
    i.ledPinsInit                            0x08004958   Section        0  main_conf.o(i.ledPinsInit)
    i.main                                   0x08004984   Section        0  main.o(i.main)
    i.moveAndDrawMatrix                      0x080049b0   Section        0  game_2048.o(i.moveAndDrawMatrix)
    moveAndDrawMatrix                        0x080049b1   Thumb Code   276  game_2048.o(i.moveAndDrawMatrix)
    i.moveColAndEndCheck                     0x08004ac8   Section        0  game_2048.o(i.moveColAndEndCheck)
    moveColAndEndCheck                       0x08004ac9   Thumb Code   382  game_2048.o(i.moveColAndEndCheck)
    i.moveSnakeHead                          0x08004c50   Section        0  game_snake.o(i.moveSnakeHead)
    moveSnakeHead                            0x08004c51   Thumb Code  5926  game_snake.o(i.moveSnakeHead)
    i.moveSnakeTail                          0x08006380   Section        0  game_snake.o(i.moveSnakeTail)
    moveSnakeTail                            0x08006381   Thumb Code  2346  game_snake.o(i.moveSnakeTail)
    i.playBackgroundSong                     0x08006cb4   Section        0  speaker.o(i.playBackgroundSong)
    i.randLcg                                0x08006d20   Section        0  main_conf.o(i.randLcg)
    i.rotate                                 0x08006d40   Section        0  game_tetris.o(i.rotate)
    rotate                                   0x08006d41   Thumb Code   586  game_tetris.o(i.rotate)
    i.sendReceiveIrCommad                    0x08006fa0   Section        0  ir_remote_control.o(i.sendReceiveIrCommad)
    i.shiftAllDown                           0x08007010   Section        0  game_tetris.o(i.shiftAllDown)
    shiftAllDown                             0x08007011   Thumb Code   182  game_tetris.o(i.shiftAllDown)
    i.shiftDown                              0x080070cc   Section        0  game_tetris.o(i.shiftDown)
    shiftDown                                0x080070cd   Thumb Code   310  game_tetris.o(i.shiftDown)
    i.shiftLeft                              0x08007214   Section        0  game_tetris.o(i.shiftLeft)
    shiftLeft                                0x08007215   Thumb Code   330  game_tetris.o(i.shiftLeft)
    i.shiftRight                             0x08007370   Section        0  game_tetris.o(i.shiftRight)
    shiftRight                               0x08007371   Thumb Code   328  game_tetris.o(i.shiftRight)
    i.snakeInit                              0x080074c8   Section        0  game_snake.o(i.snakeInit)
    snakeInit                                0x080074c9   Thumb Code    90  game_snake.o(i.snakeInit)
    i.snakeMove                              0x08007530   Section        0  game_snake.o(i.snakeMove)
    snakeMove                                0x08007531   Thumb Code   140  game_snake.o(i.snakeMove)
    i.songPause                              0x080075d0   Section        0  speaker.o(i.songPause)
    i.songSelect                             0x08007634   Section        0  game_snake.o(i.songSelect)
    i.songSelectTetris                       0x080076e0   Section        0  game_tetris.o(i.songSelectTetris)
    i.songStop                               0x08007788   Section        0  speaker.o(i.songStop)
    i.speakerInit                            0x080077f4   Section        0  speaker.o(i.speakerInit)
    i.speakerMenu                            0x08007900   Section        0  speaker.o(i.speakerMenu)
    i.speakerSetNote                         0x08007a84   Section        0  speaker.o(i.speakerSetNote)
    i.startGame2048                          0x08007b6c   Section        0  game_2048.o(i.startGame2048)
    i.startSnakeGame                         0x08007c5c   Section        0  game_snake.o(i.startSnakeGame)
    i.startTetrisGame                        0x08007f80   Section        0  game_tetris.o(i.startTetrisGame)
    i.tgm3Randomizer                         0x0800820c   Section        0  game_tetris.o(i.tgm3Randomizer)
    i.uartPinsInit                           0x080082d0   Section        0  my_uart.o(i.uartPinsInit)
    i.updateScoreAndFigure                   0x08008368   Section        0  game_tetris.o(i.updateScoreAndFigure)
    updateScoreAndFigure                     0x08008369   Thumb Code   130  game_tetris.o(i.updateScoreAndFigure)
    i.writeFigToField                        0x08008428   Section        0  game_tetris.o(i.writeFigToField)
    writeFigToField                          0x08008429   Thumb Code   376  game_tetris.o(i.writeFigToField)
    i.writeMatrixToField                     0x080085b0   Section        0  game_2048.o(i.writeMatrixToField)
    writeMatrixToField                       0x080085b1   Thumb Code    54  game_2048.o(i.writeMatrixToField)
    i.writeNumberToField                     0x080085ec   Section        0  game_2048.o(i.writeNumberToField)
    writeNumberToField                       0x080085ed   Thumb Code   248  game_2048.o(i.writeNumberToField)
    i.writeScore                             0x080086ec   Section        0  game_2048.o(i.writeScore)
    writeScore                               0x080086ed   Thumb Code    40  game_2048.o(i.writeScore)
    i.writeSnakePic                          0x08008730   Section        0  game_snake.o(i.writeSnakePic)
    x$fpl$dleqf                              0x08008850   Section      100  dlef.o(x$fpl$dleqf)
    .constdata                               0x080088b4   Section      972  lcd_lib.o(.constdata)
    x$fpl$usenofp                            0x080088b4   Section        0  usenofp.o(x$fpl$usenofp)
    LIBRARY_SYMBOL                           0x080088b4   Data         972  lcd_lib.o(.constdata)
    .constdata                               0x08008c80   Section       95  lcd_main_menu.o(.constdata)
    MENU_ITEMS                               0x08008c80   Data          95  lcd_main_menu.o(.constdata)
    .constdata                               0x08008ce0   Section     1422  speaker.o(.constdata)
    SPEAKER_MENU_ITEMS                       0x08008ce0   Data         246  speaker.o(.constdata)
    .constdata                               0x0800926e   Section       40  _printf_hex_int.o(.constdata)
    uc_hextab                                0x0800926e   Data          20  _printf_hex_int.o(.constdata)
    lc_hextab                                0x08009282   Data          20  _printf_hex_int.o(.constdata)
    .constdata                               0x08009296   Section       17  __printf_flags_wp.o(.constdata)
    maptable                                 0x08009296   Data          17  __printf_flags_wp.o(.constdata)
    .data                                    0x20000000   Section       12  main_conf.o(.data)
    delayUsDec                               0x20000000   Data           4  main_conf.o(.data)
    seed                                     0x20000008   Data           4  main_conf.o(.data)
    .data                                    0x2000000c   Section       28  lcd_lib.o(.data)
    .data                                    0x20000028   Section        5  lcd_main_menu.o(.data)
    currentItem                              0x20000028   Data           4  lcd_main_menu.o(.data)
    irMode                                   0x2000002c   Data           1  lcd_main_menu.o(.data)
    .data                                    0x2000002e   Section        2  my_uart.o(.data)
    commandByte                              0x2000002e   Data           2  my_uart.o(.data)
    .data                                    0x20000030   Section        6  ir_remote_control.o(.data)
    predElem                                 0x20000034   Data           2  ir_remote_control.o(.data)
    .data                                    0x20000038   Section        4  speaker.o(.data)
    currentItem                              0x20000038   Data           4  speaker.o(.data)
    .data                                    0x2000003c   Section       23  game_snake.o(.data)
    defaultSnake                             0x2000003c   Data          12  game_snake.o(.data)
    food                                     0x20000048   Data           3  game_snake.o(.data)
    score                                    0x2000004c   Data           2  game_snake.o(.data)
    winScore                                 0x2000004e   Data           2  game_snake.o(.data)
    isSnakeStop                              0x20000050   Data           1  game_snake.o(.data)
    .data                                    0x20000054   Section       76  game_2048.o(.data)
    gameMatrix                               0x20000054   Data          34  game_2048.o(.data)
    score                                    0x20000076   Data           2  game_2048.o(.data)
    NUMBERS_2048                             0x20000078   Data          40  game_2048.o(.data)
    .data                                    0x200000a0   Section       94  game_tetris.o(.data)
    curFigX                                  0x200000a0   Data           4  game_tetris.o(.data)
    curFigY                                  0x200000a4   Data           4  game_tetris.o(.data)
    curFigType                               0x200000a8   Data           2  game_tetris.o(.data)
    nextFigType                              0x200000aa   Data           2  game_tetris.o(.data)
    score                                    0x200000ac   Data           2  game_tetris.o(.data)
    winScore                                 0x200000ae   Data           2  game_tetris.o(.data)
    lines                                    0x200000b0   Data           2  game_tetris.o(.data)
    curFig                                   0x200000b2   Data           8  game_tetris.o(.data)
    gameState                                0x200000ba   Data           1  game_tetris.o(.data)
    fisrtStart                               0x200000bb   Data           1  game_tetris.o(.data)
    curDelay                                 0x200000bc   Data           4  game_tetris.o(.data)
    isTetrisSong                             0x200000c0   Data           1  game_tetris.o(.data)
    FIGURES                                  0x200000c1   Data          56  game_tetris.o(.data)
    firstGen                                 0x200000f9   Data           1  game_tetris.o(.data)
    history                                  0x200000fa   Data           4  game_tetris.o(.data)
    .data                                    0x200000fe   Section       16  stm32f0xx_rcc.o(.data)
    APBAHBPrescTable                         0x200000fe   Data          16  stm32f0xx_rcc.o(.data)
    .data                                    0x20000110   Section       20  system_stm32f0xx.o(.data)
    .bss                                     0x20000124   Section       40  main_conf.o(.bss)
    .bss                                     0x2000014c   Section     1024  lcd_lib.o(.bss)
    .bss                                     0x2000054c   Section      260  my_uart.o(.bss)
    .bss                                     0x20000650   Section      328  ir_remote_control.o(.bss)
    .bss                                     0x20000798   Section       20  speaker.o(.bss)
    .bss                                     0x200007ac   Section       12  game_snake.o(.bss)
    snake                                    0x200007ac   Data          12  game_snake.o(.bss)
    .bss                                     0x200007b8   Section       96  libspace.o(.bss)
    HEAP                                     0x20000818   Section        0  startup_stm32f051x8.o(HEAP)
    STACK                                    0x20000818   Section      768  startup_stm32f051x8.o(STACK)
    Heap_Mem                                 0x20000818   Data           0  startup_stm32f051x8.o(HEAP)
    Stack_Mem                                0x20000818   Data         768  startup_stm32f051x8.o(STACK)
    __initial_sp                             0x20000b18   Data           0  startup_stm32f051x8.o(STACK)

    Global Symbols

    Symbol Name                              Value     Ov Type        Size  Object(Section)

    BuildAttributes$$THM_ISAv3M$S$PE$A:L22$X:L11$S22$IEEE1$IW$USESV6$~STKCKD$USESV7$~SHL$OSPACE$ROPI$EBA8$UX$STANDARDLIB$REQ8$PRES8$EABIv2 0x00000000   Number         0  anon$$obj.o ABSOLUTE
    __ARM_use_no_argv                        0x00000000   Number         0  main.o ABSOLUTE
    _printf_flags                            0x00000000   Number         0  printf_stubs.o ABSOLUTE
    _printf_return_value                     0x00000000   Number         0  printf_stubs.o ABSOLUTE
    _printf_sizespec                         0x00000000   Number         0  printf_stubs.o ABSOLUTE
    _printf_widthprec                        0x00000000   Number         0  printf_stubs.o ABSOLUTE
    __ARM_exceptions_init                     - Undefined Weak Reference
    __alloca_initialize                       - Undefined Weak Reference
    __arm_fini_                               - Undefined Weak Reference
    __arm_preinit_                            - Undefined Weak Reference
    __cpp_initialize__aeabi_                  - Undefined Weak Reference
    __cxa_finalize                            - Undefined Weak Reference
    __rt_locale                               - Undefined Weak Reference
    __sigvec_lookup                           - Undefined Weak Reference
    _atexit_init                              - Undefined Weak Reference
    _call_atexit_fns                          - Undefined Weak Reference
    _clock_init                               - Undefined Weak Reference
    _fp_trap_init                             - Undefined Weak Reference
    _fp_trap_shutdown                         - Undefined Weak Reference
    _get_lc_collate                           - Undefined Weak Reference
    _get_lc_ctype                             - Undefined Weak Reference
    _get_lc_monetary                          - Undefined Weak Reference
    _get_lc_numeric                           - Undefined Weak Reference
    _get_lc_time                              - Undefined Weak Reference
    _getenv_init                              - Undefined Weak Reference
    _handle_redirection                       - Undefined Weak Reference
    _init_alloc                               - Undefined Weak Reference
    _init_user_alloc                          - Undefined Weak Reference
    _initio                                   - Undefined Weak Reference
    _printf_truncate_signed                   - Undefined Weak Reference
    _printf_truncate_unsigned                 - Undefined Weak Reference
    _rand_init                                - Undefined Weak Reference
    _signal_finish                            - Undefined Weak Reference
    _signal_init                              - Undefined Weak Reference
    _terminate_alloc                          - Undefined Weak Reference
    _terminate_user_alloc                     - Undefined Weak Reference
    _terminateio                              - Undefined Weak Reference
    __Vectors_Size                           0x000000bc   Number         0  startup_stm32f051x8.o ABSOLUTE
    __Vectors                                0x08000000   Data           4  startup_stm32f051x8.o(RESET)
    __Vectors_End                            0x080000bc   Data           0  startup_stm32f051x8.o(RESET)
    __main                                   0x080000bd   Thumb Code     8  __main.o(!!!main)
    __scatterload                            0x080000c5   Thumb Code     0  __scatter.o(!!!scatter)
    __scatterload_rt2                        0x080000c5   Thumb Code    52  __scatter.o(!!!scatter)
    __scatterload_rt2_thumb_only             0x080000c5   Thumb Code     0  __scatter.o(!!!scatter)
    __scatterload_null                       0x080000d5   Thumb Code     0  __scatter.o(!!!scatter)
    __scatterload_copy                       0x08000101   Thumb Code    26  __scatter_copy.o(!!handler_copy)
    __scatterload_zeroinit                   0x0800011d   Thumb Code    28  __scatter_zi.o(!!handler_zi)
    _printf_percent                          0x08000139   Thumb Code     0  _printf_percent.o(.ARM.Collect$$_printf_percent$$00000000)
    _printf_d                                0x0800013b   Thumb Code     0  _printf_d.o(.ARM.Collect$$_printf_percent$$00000009)
    _printf_u                                0x08000145   Thumb Code     0  _printf_u.o(.ARM.Collect$$_printf_percent$$0000000A)
    _printf_x                                0x0800014f   Thumb Code     0  _printf_x.o(.ARM.Collect$$_printf_percent$$0000000C)
    _printf_percent_end                      0x08000159   Thumb Code     0  _printf_percent_end.o(.ARM.Collect$$_printf_percent$$00000017)
    __rt_lib_init                            0x0800015d   Thumb Code     0  libinit.o(.ARM.Collect$$libinit$$00000000)
    __rt_lib_init_alloca_1                   0x0800015f   Thumb Code     0  libinit2.o(.ARM.Collect$$libinit$$0000002E)
    __rt_lib_init_argv_1                     0x0800015f   Thumb Code     0  libinit2.o(.ARM.Collect$$libinit$$0000002C)
    __rt_lib_init_atexit_1                   0x0800015f   Thumb Code     0  libinit2.o(.ARM.Collect$$libinit$$0000001B)
    __rt_lib_init_clock_1                    0x0800015f   Thumb Code     0  libinit2.o(.ARM.Collect$$libinit$$00000021)
    __rt_lib_init_cpp_1                      0x0800015f   Thumb Code     0  libinit2.o(.ARM.Collect$$libinit$$00000032)
    __rt_lib_init_exceptions_1               0x0800015f   Thumb Code     0  libinit2.o(.ARM.Collect$$libinit$$00000030)
    __rt_lib_init_fp_1                       0x0800015f   Thumb Code     0  libinit2.o(.ARM.Collect$$libinit$$00000002)
    __rt_lib_init_fp_trap_1                  0x0800015f   Thumb Code     0  libinit2.o(.ARM.Collect$$libinit$$0000001F)
    __rt_lib_init_getenv_1                   0x0800015f   Thumb Code     0  libinit2.o(.ARM.Collect$$libinit$$00000023)
    __rt_lib_init_heap_1                     0x0800015f   Thumb Code     0  libinit2.o(.ARM.Collect$$libinit$$0000000A)
    __rt_lib_init_lc_collate_1               0x0800015f   Thumb Code     0  libinit2.o(.ARM.Collect$$libinit$$00000011)
    __rt_lib_init_lc_ctype_1                 0x0800015f   Thumb Code     0  libinit2.o(.ARM.Collect$$libinit$$00000013)
    __rt_lib_init_lc_monetary_1              0x0800015f   Thumb Code     0  libinit2.o(.ARM.Collect$$libinit$$00000015)
    __rt_lib_init_lc_numeric_1               0x0800015f   Thumb Code     0  libinit2.o(.ARM.Collect$$libinit$$00000017)
    __rt_lib_init_lc_time_1                  0x0800015f   Thumb Code     0  libinit2.o(.ARM.Collect$$libinit$$00000019)
    __rt_lib_init_preinit_1                  0x0800015f   Thumb Code     0  libinit2.o(.ARM.Collect$$libinit$$00000004)
    __rt_lib_init_rand_1                     0x0800015f   Thumb Code     0  libinit2.o(.ARM.Collect$$libinit$$0000000E)
    __rt_lib_init_return                     0x0800015f   Thumb Code     0  libinit2.o(.ARM.Collect$$libinit$$00000033)
    __rt_lib_init_signal_1                   0x0800015f   Thumb Code     0  libinit2.o(.ARM.Collect$$libinit$$0000001D)
    __rt_lib_init_stdio_1                    0x0800015f   Thumb Code     0  libinit2.o(.ARM.Collect$$libinit$$00000025)
    __rt_lib_init_user_alloc_1               0x0800015f   Thumb Code     0  libinit2.o(.ARM.Collect$$libinit$$0000000C)
    __rt_lib_shutdown                        0x08000161   Thumb Code     0  libshutdown.o(.ARM.Collect$$libshutdown$$00000000)
    __rt_lib_shutdown_cpp_1                  0x08000163   Thumb Code     0  libshutdown2.o(.ARM.Collect$$libshutdown$$00000004)
    __rt_lib_shutdown_fini_1                 0x08000163   Thumb Code     0  libshutdown2.o(.ARM.Collect$$libshutdown$$00000002)
    __rt_lib_shutdown_fp_trap_1              0x08000163   Thumb Code     0  libshutdown2.o(.ARM.Collect$$libshutdown$$00000009)
    __rt_lib_shutdown_heap_1                 0x08000163   Thumb Code     0  libshutdown2.o(.ARM.Collect$$libshutdown$$00000011)
    __rt_lib_shutdown_return                 0x08000163   Thumb Code     0  libshutdown2.o(.ARM.Collect$$libshutdown$$00000012)
    __rt_lib_shutdown_signal_1               0x08000163   Thumb Code     0  libshutdown2.o(.ARM.Collect$$libshutdown$$0000000C)
    __rt_lib_shutdown_stdio_1                0x08000163   Thumb Code     0  libshutdown2.o(.ARM.Collect$$libshutdown$$00000006)
    __rt_lib_shutdown_user_alloc_1           0x08000163   Thumb Code     0  libshutdown2.o(.ARM.Collect$$libshutdown$$0000000E)
    __rt_entry                               0x08000165   Thumb Code     0  __rtentry.o(.ARM.Collect$$rtentry$$00000000)
    __rt_entry_presh_1                       0x08000165   Thumb Code     0  __rtentry2.o(.ARM.Collect$$rtentry$$00000002)
    __rt_entry_sh                            0x08000165   Thumb Code     0  __rtentry4.o(.ARM.Collect$$rtentry$$00000004)
    __rt_entry_li                            0x0800016b   Thumb Code     0  __rtentry2.o(.ARM.Collect$$rtentry$$0000000A)
    __rt_entry_postsh_1                      0x0800016b   Thumb Code     0  __rtentry2.o(.ARM.Collect$$rtentry$$00000009)
    __rt_entry_main                          0x0800016f   Thumb Code     0  __rtentry2.o(.ARM.Collect$$rtentry$$0000000D)
    __rt_entry_postli_1                      0x0800016f   Thumb Code     0  __rtentry2.o(.ARM.Collect$$rtentry$$0000000C)
    __rt_exit                                0x08000177   Thumb Code     0  rtexit.o(.ARM.Collect$$rtexit$$00000000)
    __rt_exit_ls                             0x08000179   Thumb Code     0  rtexit2.o(.ARM.Collect$$rtexit$$00000003)
    __rt_exit_prels_1                        0x08000179   Thumb Code     0  rtexit2.o(.ARM.Collect$$rtexit$$00000002)
    __rt_exit_exit                           0x0800017d   Thumb Code     0  rtexit2.o(.ARM.Collect$$rtexit$$00000004)
    __aeabi_memcpy4                          0x08000185   Thumb Code    56  rt_memcpy.o(.emb_text)
    __aeabi_memcpy8                          0x08000185   Thumb Code     0  rt_memcpy.o(.emb_text)
    Reset_Handler                            0x080001bd   Thumb Code     8  startup_stm32f051x8.o(.text)
    NMI_Handler                              0x080001c5   Thumb Code     2  startup_stm32f051x8.o(.text)
    SVC_Handler                              0x080001c9   Thumb Code     2  startup_stm32f051x8.o(.text)
    PendSV_Handler                           0x080001cb   Thumb Code     2  startup_stm32f051x8.o(.text)
    SysTick_Handler                          0x080001cd   Thumb Code     2  startup_stm32f051x8.o(.text)
    ADC1_COMP_IRQHandler                     0x080001cf   Thumb Code     0  startup_stm32f051x8.o(.text)
    CEC_IRQHandler                           0x080001cf   Thumb Code     0  startup_stm32f051x8.o(.text)
    DMA1_Channel1_IRQHandler                 0x080001cf   Thumb Code     0  startup_stm32f051x8.o(.text)
    DMA1_Channel2_3_IRQHandler               0x080001cf   Thumb Code     0  startup_stm32f051x8.o(.text)
    DMA1_Channel4_5_IRQHandler               0x080001cf   Thumb Code     0  startup_stm32f051x8.o(.text)
    EXTI0_1_IRQHandler                       0x080001cf   Thumb Code     0  startup_stm32f051x8.o(.text)
    EXTI2_3_IRQHandler                       0x080001cf   Thumb Code     0  startup_stm32f051x8.o(.text)
    EXTI4_15_IRQHandler                      0x080001cf   Thumb Code     0  startup_stm32f051x8.o(.text)
    FLASH_IRQHandler                         0x080001cf   Thumb Code     0  startup_stm32f051x8.o(.text)
    I2C1_IRQHandler                          0x080001cf   Thumb Code     0  startup_stm32f051x8.o(.text)
    I2C2_IRQHandler                          0x080001cf   Thumb Code     0  startup_stm32f051x8.o(.text)
    PVD_IRQHandler                           0x080001cf   Thumb Code     0  startup_stm32f051x8.o(.text)
    RCC_IRQHandler                           0x080001cf   Thumb Code     0  startup_stm32f051x8.o(.text)
    RTC_IRQHandler                           0x080001cf   Thumb Code     0  startup_stm32f051x8.o(.text)
    SPI1_IRQHandler                          0x080001cf   Thumb Code     0  startup_stm32f051x8.o(.text)
    SPI2_IRQHandler                          0x080001cf   Thumb Code     0  startup_stm32f051x8.o(.text)
    TIM16_IRQHandler                         0x080001cf   Thumb Code     0  startup_stm32f051x8.o(.text)
    TIM17_IRQHandler                         0x080001cf   Thumb Code     0  startup_stm32f051x8.o(.text)
    TIM1_BRK_UP_TRG_COM_IRQHandler           0x080001cf   Thumb Code     0  startup_stm32f051x8.o(.text)
    TIM2_IRQHandler                          0x080001cf   Thumb Code     0  startup_stm32f051x8.o(.text)
    TIM3_IRQHandler                          0x080001cf   Thumb Code     0  startup_stm32f051x8.o(.text)
    TIM6_DAC_IRQHandler                      0x080001cf   Thumb Code     0  startup_stm32f051x8.o(.text)
    TSC_IRQHandler                           0x080001cf   Thumb Code     0  startup_stm32f051x8.o(.text)
    USART2_IRQHandler                        0x080001cf   Thumb Code     0  startup_stm32f051x8.o(.text)
    WWDG_IRQHandler                          0x080001cf   Thumb Code     0  startup_stm32f051x8.o(.text)
    __user_initial_stackheap                 0x080001d1   Thumb Code     0  startup_stm32f051x8.o(.text)
    __aeabi_llsl                             0x080001f1   Thumb Code    32  llshl.o(.text)
    _ll_shift_l                              0x080001f1   Thumb Code     0  llshl.o(.text)
    __aeabi_uldivmod                         0x08000211   Thumb Code   258  lludiv.o(.text)
    _ll_udiv                                 0x08000211   Thumb Code     0  lludiv.o(.text)
    __2sprintf                               0x08000315   Thumb Code    36  noretval__2sprintf.o(.text)
    _printf_pre_padding                      0x0800033d   Thumb Code    44  _printf_pad.o(.text)
    _printf_post_padding                     0x08000369   Thumb Code    34  _printf_pad.o(.text)
    _printf_int_dec                          0x0800038d   Thumb Code    90  _printf_dec.o(.text)
    _printf_int_hex                          0x080003f9   Thumb Code    84  _printf_hex_int.o(.text)
    _printf_longlong_hex                     0x080003f9   Thumb Code     0  _printf_hex_int.o(.text)
    __printf                                 0x08000451   Thumb Code   306  __printf_flags_wp.o(.text)
    __aeabi_memcpy                           0x08000589   Thumb Code   130  rt_memcpy.o(.text)
    __rt_memcpy                              0x08000589   Thumb Code     0  rt_memcpy.o(.text)
    _memset_w                                0x0800060b   Thumb Code    26  rt_memclr.o(.text)
    _memset                                  0x08000625   Thumb Code    30  rt_memclr.o(.text)
    __aeabi_memclr                           0x08000643   Thumb Code     4  rt_memclr.o(.text)
    __rt_memclr                              0x08000643   Thumb Code     0  rt_memclr.o(.text)
    __aeabi_memclr4                          0x08000647   Thumb Code     0  rt_memclr.o(.text)
    __aeabi_memclr8                          0x08000647   Thumb Code     0  rt_memclr.o(.text)
    __rt_memclr_w                            0x08000647   Thumb Code     4  rt_memclr.o(.text)
    __aeabi_uidiv                            0x0800064b   Thumb Code     0  aeabi_sdiv.o(.text)
    __aeabi_uidivmod                         0x0800064b   Thumb Code    20  aeabi_sdiv.o(.text)
    __aeabi_idiv                             0x0800065f   Thumb Code     0  aeabi_sdiv.o(.text)
    __aeabi_idivmod                          0x0800065f   Thumb Code   326  aeabi_sdiv.o(.text)
    __use_two_region_memory                  0x080007a5   Thumb Code     2  heapauxi.o(.text)
    __rt_heap_escrow$2region                 0x080007a7   Thumb Code     2  heapauxi.o(.text)
    __rt_heap_expand$2region                 0x080007a9   Thumb Code     2  heapauxi.o(.text)
    __aeabi_i2d_normalise                    0x080007ab   Thumb Code    66  dflti.o(.text)
    __aeabi_i2d                              0x080007ed   Thumb Code    16  dflti.o(.text)
    _dflt                                    0x080007ed   Thumb Code     0  dflti.o(.text)
    __aeabi_ui2d                             0x080007fd   Thumb Code     6  dflti.o(.text)
    _dfltu                                   0x080007fd   Thumb Code     0  dflti.o(.text)
    _printf_int_common                       0x08000803   Thumb Code   176  _printf_intcommon.o(.text)
    _printf_char_common                      0x080008bf   Thumb Code    32  _printf_char_common.o(.text)
    _sputc                                   0x080008e5   Thumb Code    10  _sputc.o(.text)
    __rt_udiv10                              0x080008ef   Thumb Code    40  rtudiv10.o(.text)
    __fpl_dcmp_InfNaN                        0x08000919   Thumb Code   140  dcmpin.o(.text)
    __fpl_cmpreturn                          0x080009a9   Thumb Code    46  cmpret.o(.text)
    __fpl_dcheck_NaN2                        0x080009d9   Thumb Code    14  dnan2.o(.text)
    __user_setup_stackheap                   0x080009ed   Thumb Code    62  sys_stackheap_outer.o(.text)
    exit                                     0x08000a2b   Thumb Code    16  exit.o(.text)
    __fpl_return_NaN                         0x08000a3b   Thumb Code    94  retnan.o(.text)
    __user_libspace                          0x08000a99   Thumb Code     8  libspace.o(.text)
    __user_perproc_libspace                  0x08000a99   Thumb Code     0  libspace.o(.text)
    __user_perthread_libspace                0x08000a99   Thumb Code     0  libspace.o(.text)
    _sys_exit                                0x08000aa1   Thumb Code     8  sys_exit.o(.text)
    __I$use$semihosting                      0x08000aad   Thumb Code     0  use_no_semi.o(.text)
    __use_no_semihosting_swi                 0x08000aad   Thumb Code     2  use_no_semi.o(.text)
    GPIO_Init                                0x08000aaf   Thumb Code   144  stm32f0xx_gpio.o(i.GPIO_Init)
    __semihosting_library_function           0x08000aaf   Thumb Code     0  indicate_semi.o(.text)
    GPIO_PinAFConfig                         0x08000b3f   Thumb Code    68  stm32f0xx_gpio.o(i.GPIO_PinAFConfig)
    GPIO_ReadInputDataBit                    0x08000b83   Thumb Code    20  stm32f0xx_gpio.o(i.GPIO_ReadInputDataBit)
    GPIO_ReadOutputDataBit                   0x08000b97   Thumb Code    20  stm32f0xx_gpio.o(i.GPIO_ReadOutputDataBit)
    GPIO_WriteBit                            0x08000bab   Thumb Code    12  stm32f0xx_gpio.o(i.GPIO_WriteBit)
    HardFault_Handler                        0x08000bb7   Thumb Code     2  main.o(i.HardFault_Handler)
    LCD_ClearOrFillDisplay                   0x08000bb9   Thumb Code    76  lcd_lib.o(i.LCD_ClearOrFillDisplay)
    LCD_DisplayFullUpdate                    0x08000c05   Thumb Code    88  lcd_lib.o(i.LCD_DisplayFullUpdate)
    LCD_DrawPageFromBuffer                   0x08000c5d   Thumb Code    62  lcd_lib.o(i.LCD_DrawPageFromBuffer)
    LCD_GetHorizontalByte                    0x08000d11   Thumb Code    78  lcd_lib.o(i.LCD_GetHorizontalByte)
    LCD_Init                                 0x08000d65   Thumb Code   122  lcd_lib.o(i.LCD_Init)
    LCD_PortsInit                            0x08000ded   Thumb Code   156  lcd_lib.o(i.LCD_PortsInit)
    LCD_SendByteData                         0x08000e91   Thumb Code   124  lcd_lib.o(i.LCD_SendByteData)
    LCD_SetAddr                              0x08000f15   Thumb Code    56  lcd_lib.o(i.LCD_SetAddr)
    LCD_SetBufferCursor                      0x08000f4d   Thumb Code    10  lcd_lib.o(i.LCD_SetBufferCursor)
    LCD_StartMainMenu                        0x08000f5d   Thumb Code   334  lcd_main_menu.o(i.LCD_StartMainMenu)
    LCD_WriteStringToBuffer                  0x080010c1   Thumb Code    40  lcd_lib.o(i.LCD_WriteStringToBuffer)
    LCD_getUTF8SymbolIndex                   0x0800115d   Thumb Code    98  lcd_lib.o(i.LCD_getUTF8SymbolIndex)
    LCD_writeHorStringToBuffer               0x080011cd   Thumb Code   322  lcd_lib.o(i.LCD_writeHorStringToBuffer)
    RCC_AHBPeriphClockCmd                    0x08001335   Thumb Code    28  stm32f0xx_rcc.o(i.RCC_AHBPeriphClockCmd)
    RCC_APB1PeriphClockCmd                   0x08001355   Thumb Code    28  stm32f0xx_rcc.o(i.RCC_APB1PeriphClockCmd)
    RCC_APB2PeriphClockCmd                   0x08001375   Thumb Code    28  stm32f0xx_rcc.o(i.RCC_APB2PeriphClockCmd)
    RCC_GetClocksFreq                        0x08001395   Thumb Code   554  stm32f0xx_rcc.o(i.RCC_GetClocksFreq)
    SPI_Cmd                                  0x080015dd   Thumb Code    24  stm32f0xx_spi.o(i.SPI_Cmd)
    SPI_I2S_GetFlagStatus                    0x080015f9   Thumb Code    20  stm32f0xx_spi.o(i.SPI_I2S_GetFlagStatus)
    SPI_Init                                 0x0800160d   Thumb Code    76  stm32f0xx_spi.o(i.SPI_Init)
    SPI_SendData8                            0x08001665   Thumb Code    10  stm32f0xx_spi.o(i.SPI_SendData8)
    SystemInit                               0x08001749   Thumb Code   110  system_stm32f0xx.o(i.SystemInit)
    TIM14_IRQHandler                         0x080018e1   Thumb Code   298  speaker.o(i.TIM14_IRQHandler)
    TIM15_IRQHandler                         0x08001a1d   Thumb Code   382  ir_remote_control.o(i.TIM15_IRQHandler)
    TIM1_CC_IRQHandler                       0x08001bb1   Thumb Code   228  ir_remote_control.o(i.TIM1_CC_IRQHandler)
    TIM_CCxCmd                               0x08001cad   Thumb Code    30  stm32f0xx_tim.o(i.TIM_CCxCmd)
    TIM_ClearITPendingBit                    0x08001ccb   Thumb Code     6  stm32f0xx_tim.o(i.TIM_ClearITPendingBit)
    TIM_Cmd                                  0x08001cd1   Thumb Code    24  stm32f0xx_tim.o(i.TIM_Cmd)
    TIM_GetCapture1                          0x08001ced   Thumb Code     6  stm32f0xx_tim.o(i.TIM_GetCapture1)
    TIM_GetITStatus                          0x08001cf3   Thumb Code    38  stm32f0xx_tim.o(i.TIM_GetITStatus)
    TIM_ICInit                               0x08001d19   Thumb Code   112  stm32f0xx_tim.o(i.TIM_ICInit)
    TIM_ITConfig                             0x08001d89   Thumb Code    20  stm32f0xx_tim.o(i.TIM_ITConfig)
    TIM_OC2Init                              0x08001d9d   Thumb Code   142  stm32f0xx_tim.o(i.TIM_OC2Init)
    TIM_OC3Init                              0x08001e49   Thumb Code   124  stm32f0xx_tim.o(i.TIM_OC3Init)
    TIM_OC4Init                              0x08001ee1   Thumb Code    88  stm32f0xx_tim.o(i.TIM_OC4Init)
    TIM_OCStructInit                         0x08001f51   Thumb Code    20  stm32f0xx_tim.o(i.TIM_OCStructInit)
    TIM_SetAutoreload                        0x08001f65   Thumb Code     4  stm32f0xx_tim.o(i.TIM_SetAutoreload)
    TIM_SetIC1Prescaler                      0x08001f69   Thumb Code    16  stm32f0xx_tim.o(i.TIM_SetIC1Prescaler)
    TIM_SetIC2Prescaler                      0x08001f7d   Thumb Code    20  stm32f0xx_tim.o(i.TIM_SetIC2Prescaler)
    TIM_SetIC3Prescaler                      0x08001f95   Thumb Code    16  stm32f0xx_tim.o(i.TIM_SetIC3Prescaler)
    TIM_SetIC4Prescaler                      0x08001fa9   Thumb Code    20  stm32f0xx_tim.o(i.TIM_SetIC4Prescaler)
    TIM_TimeBaseInit                         0x08001fc1   Thumb Code    90  stm32f0xx_tim.o(i.TIM_TimeBaseInit)
    USART1_IRQHandler                        0x0800203d   Thumb Code   492  my_uart.o(i.USART1_IRQHandler)
    USART_ClearITPendingBit                  0x08002261   Thumb Code    18  stm32f0xx_usart.o(i.USART_ClearITPendingBit)
    USART_Cmd                                0x08002273   Thumb Code    24  stm32f0xx_usart.o(i.USART_Cmd)
    USART_GetITStatus                        0x0800228b   Thumb Code    78  stm32f0xx_usart.o(i.USART_GetITStatus)
    USART_ITConfig                           0x080022d9   Thumb Code    66  stm32f0xx_usart.o(i.USART_ITConfig)
    USART_Init                               0x0800231d   Thumb Code   226  stm32f0xx_usart.o(i.USART_Init)
    USART_ReceiveData                        0x08002415   Thumb Code    10  stm32f0xx_usart.o(i.USART_ReceiveData)
    __ARM_common_switch8                     0x0800241f   Thumb Code    28  lcd_main_menu.o(i.__ARM_common_switch8)
    _is_digit                                0x0800243b   Thumb Code    14  __printf_wp.o(i._is_digit)
    buttonPinsInit                           0x08002449   Thumb Code    62  main_conf.o(i.buttonPinsInit)
    delayInit                                0x08002749   Thumb Code    16  main_conf.o(i.delayInit)
    delayUs                                  0x08002765   Thumb Code    28  main_conf.o(i.delayUs)
    difficultySelection                      0x08002789   Thumb Code   150  game_snake.o(i.difficultySelection)
    drawDiffMenu                             0x080028a9   Thumb Code   102  game_snake.o(i.drawDiffMenu)
    drawSongMenu                             0x08002a65   Thumb Code    68  game_snake.o(i.drawSongMenu)
    drawSongMenuTetris                       0x08002af1   Thumb Code    68  game_tetris.o(i.drawSongMenuTetris)
    irProtocolAnalyze                        0x08003d85   Thumb Code  1602  ir_remote_control.o(i.irProtocolAnalyze)
    irReseivTransInit                        0x0800472d   Thumb Code   376  ir_remote_control.o(i.irReseivTransInit)
    isButtonPressed                          0x080048c5   Thumb Code    76  main_conf.o(i.isButtonPressed)
    ledPinsInit                              0x08004959   Thumb Code    40  main_conf.o(i.ledPinsInit)
    main                                     0x08004985   Thumb Code    42  main.o(i.main)
    playBackgroundSong                       0x08006cb5   Thumb Code    92  speaker.o(i.playBackgroundSong)
    randLcg                                  0x08006d21   Thumb Code    22  main_conf.o(i.randLcg)
    sendReceiveIrCommad                      0x08006fa1   Thumb Code    92  ir_remote_control.o(i.sendReceiveIrCommad)
    songPause                                0x080075d1   Thumb Code    88  speaker.o(i.songPause)
    songSelect                               0x08007635   Thumb Code   150  game_snake.o(i.songSelect)
    songSelectTetris                         0x080076e1   Thumb Code   150  game_tetris.o(i.songSelectTetris)
    songStop                                 0x08007789   Thumb Code    96  speaker.o(i.songStop)
    speakerInit                              0x080077f5   Thumb Code   246  speaker.o(i.speakerInit)
    speakerMenu                              0x08007901   Thumb Code   318  speaker.o(i.speakerMenu)
    speakerSetNote                           0x08007a85   Thumb Code   206  speaker.o(i.speakerSetNote)
    startGame2048                            0x08007b6d   Thumb Code   176  game_2048.o(i.startGame2048)
    startSnakeGame                           0x08007c5d   Thumb Code   676  game_snake.o(i.startSnakeGame)
    startTetrisGame                          0x08007f81   Thumb Code   534  game_tetris.o(i.startTetrisGame)
    tgm3Randomizer                           0x0800820d   Thumb Code   152  game_tetris.o(i.tgm3Randomizer)
    uartPinsInit                             0x080082d1   Thumb Code   140  my_uart.o(i.uartPinsInit)
    writeSnakePic                            0x08008731   Thumb Code   284  game_snake.o(i.writeSnakePic)
    __aeabi_cdcmple                          0x08008851   Thumb Code     0  dlef.o(x$fpl$dleqf)
    _dcmple                                  0x08008851   Thumb Code    94  dlef.o(x$fpl$dleqf)
    __I$use$fp                               0x080088b4   Number         0  usenofp.o(x$fpl$usenofp)
    StarWars_MainTheme                       0x08008dd6   Data          76  speaker.o(.constdata)
    StarWars_MainTheme_Beats                 0x08008e22   Data          38  speaker.o(.constdata)
    StarWars_TheImperialMarch                0x08008e48   Data          72  speaker.o(.constdata)
    StarWars_TheImperialMarch_Beats          0x08008e90   Data          36  speaker.o(.constdata)
    FurElise                                 0x08008eb4   Data          82  speaker.o(.constdata)
    FurElise_Beates                          0x08008f06   Data          41  speaker.o(.constdata)
    flightOfTheBumblebee                     0x08008f30   Data         192  speaker.o(.constdata)
    flightOfTheBumblebee_Beates              0x08008ff0   Data          96  speaker.o(.constdata)
    pirates                                  0x08009050   Data         136  speaker.o(.constdata)
    pirates_Beates                           0x080090d8   Data          68  speaker.o(.constdata)
    Harry_Potter                             0x0800911c   Data          62  speaker.o(.constdata)
    Harry_Potter_Beats                       0x0800915a   Data          31  speaker.o(.constdata)
    TetrisGameSong                           0x0800917a   Data          86  speaker.o(.constdata)
    TetrisGameSong_Beats                     0x080091d0   Data          43  speaker.o(.constdata)
    SnakeGameSong                            0x080091fc   Data          76  speaker.o(.constdata)
    SnakeGameSong_Beats                      0x08009248   Data          38  speaker.o(.constdata)
    Region$$Table$$Base                      0x080092a8   Number         0  anon$$obj.o(Region$$Table)
    Region$$Table$$Limit                     0x080092c8   Number         0  anon$$obj.o(Region$$Table)
    buttonDelayUs                            0x20000004   Data           4  main_conf.o(.data)
    lcdStruct                                0x2000000c   Data          28  lcd_lib.o(.data)
    IR_curButton                             0x20000030   Data           2  ir_remote_control.o(.data)
    irReceiveType                            0x20000032   Data           1  ir_remote_control.o(.data)
    irReceiveState                           0x20000033   Data           1  ir_remote_control.o(.data)
    isSnakeSong                              0x20000051   Data           1  game_snake.o(.data)
    gameMode                                 0x20000052   Data           1  game_snake.o(.data)
    SystemCoreClock                          0x20000110   Data           4  system_stm32f0xx.o(.data)
    AHBPrescTable                            0x20000114   Data          16  system_stm32f0xx.o(.data)
    clockStruct                              0x20000124   Data          40  main_conf.o(.bss)
    displayBuffer                            0x2000014c   Data        1024  lcd_lib.o(.bss)
    my_fifo                                  0x2000054c   Data         260  my_uart.o(.bss)
    irDataFifo                               0x20000650   Data         260  ir_remote_control.o(.bss)
    irProtocol                               0x20000758   Data          40  ir_remote_control.o(.bss)
    irTransmittConf                          0x20000780   Data          24  ir_remote_control.o(.bss)
    song                                     0x20000798   Data          20  speaker.o(.bss)
    __libspace_start                         0x200007b8   Data          96  libspace.o(.bss)
    __temporary_stack_top$libspace           0x20000818   Data           0  libspace.o(.bss)



==============================================================================

Memory Map of the image

  Image Entry point : 0x080001bd

  Load Region LR_1 (Base: 0x08000000, Size: 0x000093ec, Max: 0xffffffff, ABSOLUTE)

    Execution Region ER_RO (Exec base: 0x08000000, Load base: 0x08000000, Size: 0x000092c8, Max: 0xffffffff, ABSOLUTE)

    Exec Addr    Load Addr    Size         Type   Attr      Idx    E Section Name        Object

    0x08000000   0x08000000   0x000000bc   Data   RO         2271    RESET               startup_stm32f051x8.o
    0x080000bc   0x080000bc   0x00000008   Code   RO         2349  * !!!main             c_p.l(__main.o)
    0x080000c4   0x080000c4   0x0000003c   Code   RO         2548    !!!scatter          c_p.l(__scatter.o)
    0x08000100   0x08000100   0x0000001a   Code   RO         2550    !!handler_copy      c_p.l(__scatter_copy.o)
    0x0800011a   0x0800011a   0x00000002   PAD
    0x0800011c   0x0800011c   0x0000001c   Code   RO         2552    !!handler_zi        c_p.l(__scatter_zi.o)
    0x08000138   0x08000138   0x00000002   Code   RO         2336    .ARM.Collect$$_printf_percent$$00000000  c_p.l(_printf_percent.o)
    0x0800013a   0x0800013a   0x0000000a   Code   RO         2334    .ARM.Collect$$_printf_percent$$00000009  c_p.l(_printf_d.o)
    0x08000144   0x08000144   0x0000000a   Code   RO         2335    .ARM.Collect$$_printf_percent$$0000000A  c_p.l(_printf_u.o)
    0x0800014e   0x0800014e   0x0000000a   Code   RO         2333    .ARM.Collect$$_printf_percent$$0000000C  c_p.l(_printf_x.o)
    0x08000158   0x08000158   0x00000004   Code   RO         2370    .ARM.Collect$$_printf_percent$$00000017  c_p.l(_printf_percent_end.o)
    0x0800015c   0x0800015c   0x00000002   Code   RO         2413    .ARM.Collect$$libinit$$00000000  c_p.l(libinit.o)
    0x0800015e   0x0800015e   0x00000000   Code   RO         2429    .ARM.Collect$$libinit$$00000002  c_p.l(libinit2.o)
    0x0800015e   0x0800015e   0x00000000   Code   RO         2431    .ARM.Collect$$libinit$$00000004  c_p.l(libinit2.o)
    0x0800015e   0x0800015e   0x00000000   Code   RO         2434    .ARM.Collect$$libinit$$0000000A  c_p.l(libinit2.o)
    0x0800015e   0x0800015e   0x00000000   Code   RO         2436    .ARM.Collect$$libinit$$0000000C  c_p.l(libinit2.o)
    0x0800015e   0x0800015e   0x00000000   Code   RO         2438    .ARM.Collect$$libinit$$0000000E  c_p.l(libinit2.o)
    0x0800015e   0x0800015e   0x00000000   Code   RO         2441    .ARM.Collect$$libinit$$00000011  c_p.l(libinit2.o)
    0x0800015e   0x0800015e   0x00000000   Code   RO         2443    .ARM.Collect$$libinit$$00000013  c_p.l(libinit2.o)
    0x0800015e   0x0800015e   0x00000000   Code   RO         2445    .ARM.Collect$$libinit$$00000015  c_p.l(libinit2.o)
    0x0800015e   0x0800015e   0x00000000   Code   RO         2447    .ARM.Collect$$libinit$$00000017  c_p.l(libinit2.o)
    0x0800015e   0x0800015e   0x00000000   Code   RO         2449    .ARM.Collect$$libinit$$00000019  c_p.l(libinit2.o)
    0x0800015e   0x0800015e   0x00000000   Code   RO         2451    .ARM.Collect$$libinit$$0000001B  c_p.l(libinit2.o)
    0x0800015e   0x0800015e   0x00000000   Code   RO         2453    .ARM.Collect$$libinit$$0000001D  c_p.l(libinit2.o)
    0x0800015e   0x0800015e   0x00000000   Code   RO         2455    .ARM.Collect$$libinit$$0000001F  c_p.l(libinit2.o)
    0x0800015e   0x0800015e   0x00000000   Code   RO         2457    .ARM.Collect$$libinit$$00000021  c_p.l(libinit2.o)
    0x0800015e   0x0800015e   0x00000000   Code   RO         2459    .ARM.Collect$$libinit$$00000023  c_p.l(libinit2.o)
    0x0800015e   0x0800015e   0x00000000   Code   RO         2461    .ARM.Collect$$libinit$$00000025  c_p.l(libinit2.o)
    0x0800015e   0x0800015e   0x00000000   Code   RO         2465    .ARM.Collect$$libinit$$0000002C  c_p.l(libinit2.o)
    0x0800015e   0x0800015e   0x00000000   Code   RO         2467    .ARM.Collect$$libinit$$0000002E  c_p.l(libinit2.o)
    0x0800015e   0x0800015e   0x00000000   Code   RO         2469    .ARM.Collect$$libinit$$00000030  c_p.l(libinit2.o)
    0x0800015e   0x0800015e   0x00000000   Code   RO         2471    .ARM.Collect$$libinit$$00000032  c_p.l(libinit2.o)
    0x0800015e   0x0800015e   0x00000002   Code   RO         2472    .ARM.Collect$$libinit$$00000033  c_p.l(libinit2.o)
    0x08000160   0x08000160   0x00000002   Code   RO         2503    .ARM.Collect$$libshutdown$$00000000  c_p.l(libshutdown.o)
    0x08000162   0x08000162   0x00000000   Code   RO         2529    .ARM.Collect$$libshutdown$$00000002  c_p.l(libshutdown2.o)
    0x08000162   0x08000162   0x00000000   Code   RO         2531    .ARM.Collect$$libshutdown$$00000004  c_p.l(libshutdown2.o)
    0x08000162   0x08000162   0x00000000   Code   RO         2533    .ARM.Collect$$libshutdown$$00000006  c_p.l(libshutdown2.o)
    0x08000162   0x08000162   0x00000000   Code   RO         2536    .ARM.Collect$$libshutdown$$00000009  c_p.l(libshutdown2.o)
    0x08000162   0x08000162   0x00000000   Code   RO         2539    .ARM.Collect$$libshutdown$$0000000C  c_p.l(libshutdown2.o)
    0x08000162   0x08000162   0x00000000   Code   RO         2541    .ARM.Collect$$libshutdown$$0000000E  c_p.l(libshutdown2.o)
    0x08000162   0x08000162   0x00000000   Code   RO         2544    .ARM.Collect$$libshutdown$$00000011  c_p.l(libshutdown2.o)
    0x08000162   0x08000162   0x00000002   Code   RO         2545    .ARM.Collect$$libshutdown$$00000012  c_p.l(libshutdown2.o)
    0x08000164   0x08000164   0x00000000   Code   RO         2355    .ARM.Collect$$rtentry$$00000000  c_p.l(__rtentry.o)
    0x08000164   0x08000164   0x00000000   Code   RO         2377    .ARM.Collect$$rtentry$$00000002  c_p.l(__rtentry2.o)
    0x08000164   0x08000164   0x00000006   Code   RO         2389    .ARM.Collect$$rtentry$$00000004  c_p.l(__rtentry4.o)
    0x0800016a   0x0800016a   0x00000000   Code   RO         2379    .ARM.Collect$$rtentry$$00000009  c_p.l(__rtentry2.o)
    0x0800016a   0x0800016a   0x00000004   Code   RO         2380    .ARM.Collect$$rtentry$$0000000A  c_p.l(__rtentry2.o)
    0x0800016e   0x0800016e   0x00000000   Code   RO         2382    .ARM.Collect$$rtentry$$0000000C  c_p.l(__rtentry2.o)
    0x0800016e   0x0800016e   0x00000008   Code   RO         2383    .ARM.Collect$$rtentry$$0000000D  c_p.l(__rtentry2.o)
    0x08000176   0x08000176   0x00000002   Code   RO         2420    .ARM.Collect$$rtexit$$00000000  c_p.l(rtexit.o)
    0x08000178   0x08000178   0x00000000   Code   RO         2476    .ARM.Collect$$rtexit$$00000002  c_p.l(rtexit2.o)
    0x08000178   0x08000178   0x00000004   Code   RO         2477    .ARM.Collect$$rtexit$$00000003  c_p.l(rtexit2.o)
    0x0800017c   0x0800017c   0x00000006   Code   RO         2478    .ARM.Collect$$rtexit$$00000004  c_p.l(rtexit2.o)
    0x08000182   0x08000182   0x00000002   PAD
    0x08000184   0x08000184   0x00000038   Code   RO         2337    .emb_text           c_p.l(rt_memcpy.o)
    0x080001bc   0x080001bc   0x00000034   Code   RO         2272  * .text               startup_stm32f051x8.o
    0x080001f0   0x080001f0   0x00000020   Code   RO         2278    .text               c_p.l(llshl.o)
    0x08000210   0x08000210   0x00000102   Code   RO         2280    .text               c_p.l(lludiv.o)
    0x08000312   0x08000312   0x00000002   PAD
    0x08000314   0x08000314   0x00000028   Code   RO         2284    .text               c_p.l(noretval__2sprintf.o)
    0x0800033c   0x0800033c   0x0000004e   Code   RO         2288    .text               c_p.l(_printf_pad.o)
    0x0800038a   0x0800038a   0x00000002   PAD
    0x0800038c   0x0800038c   0x0000006c   Code   RO         2290    .text               c_p.l(_printf_dec.o)
    0x080003f8   0x080003f8   0x00000058   Code   RO         2295    .text               c_p.l(_printf_hex_int.o)
    0x08000450   0x08000450   0x00000138   Code   RO         2325    .text               c_p.l(__printf_flags_wp.o)
    0x08000588   0x08000588   0x00000082   Code   RO         2338    .text               c_p.l(rt_memcpy.o)
    0x0800060a   0x0800060a   0x00000040   Code   RO         2341    .text               c_p.l(rt_memclr.o)
    0x0800064a   0x0800064a   0x0000015a   Code   RO         2343    .text               c_p.l(aeabi_sdiv.o)
    0x080007a4   0x080007a4   0x00000006   Code   RO         2347    .text               c_p.l(heapauxi.o)
    0x080007aa   0x080007aa   0x00000058   Code   RO         2351    .text               fz_ps.l(dflti.o)
    0x08000802   0x08000802   0x000000b0   Code   RO         2364    .text               c_p.l(_printf_intcommon.o)
    0x080008b2   0x080008b2   0x00000002   PAD
    0x080008b4   0x080008b4   0x00000030   Code   RO         2366    .text               c_p.l(_printf_char_common.o)
    0x080008e4   0x080008e4   0x0000000a   Code   RO         2368    .text               c_p.l(_sputc.o)
    0x080008ee   0x080008ee   0x00000028   Code   RO         2371    .text               c_p.l(rtudiv10.o)
    0x08000916   0x08000916   0x00000002   PAD
    0x08000918   0x08000918   0x00000090   Code   RO         2373    .text               fz_ps.l(dcmpin.o)
    0x080009a8   0x080009a8   0x0000002e   Code   RO         2395    .text               fz_ps.l(cmpret.o)
    0x080009d6   0x080009d6   0x00000002   PAD
    0x080009d8   0x080009d8   0x00000014   Code   RO         2397    .text               fz_ps.l(dnan2.o)
    0x080009ec   0x080009ec   0x0000003e   Code   RO         2399    .text               c_p.l(sys_stackheap_outer.o)
    0x08000a2a   0x08000a2a   0x00000010   Code   RO         2402    .text               c_p.l(exit.o)
    0x08000a3a   0x08000a3a   0x0000005e   Code   RO         2414    .text               fz_ps.l(retnan.o)
    0x08000a98   0x08000a98   0x00000008   Code   RO         2416    .text               c_p.l(libspace.o)
    0x08000aa0   0x08000aa0   0x0000000c   Code   RO         2473    .text               c_p.l(sys_exit.o)
    0x08000aac   0x08000aac   0x00000002   Code   RO         2492    .text               c_p.l(use_no_semi.o)
    0x08000aae   0x08000aae   0x00000000   Code   RO         2494    .text               c_p.l(indicate_semi.o)
    0x08000aae   0x08000aae   0x00000090   Code   RO          778    i.GPIO_Init         stm32f0xx_gpio.o
    0x08000b3e   0x08000b3e   0x00000044   Code   RO          779    i.GPIO_PinAFConfig  stm32f0xx_gpio.o
    0x08000b82   0x08000b82   0x00000014   Code   RO          782    i.GPIO_ReadInputDataBit  stm32f0xx_gpio.o
    0x08000b96   0x08000b96   0x00000014   Code   RO          784    i.GPIO_ReadOutputDataBit  stm32f0xx_gpio.o
    0x08000baa   0x08000baa   0x0000000c   Code   RO          789    i.GPIO_WriteBit     stm32f0xx_gpio.o
    0x08000bb6   0x08000bb6   0x00000002   Code   RO            3    i.HardFault_Handler  main.o
    0x08000bb8   0x08000bb8   0x0000004c   Code   RO          176    i.LCD_ClearOrFillDisplay  lcd_lib.o
    0x08000c04   0x08000c04   0x00000058   Code   RO          177    i.LCD_DisplayFullUpdate  lcd_lib.o
    0x08000c5c   0x08000c5c   0x0000003e   Code   RO          179    i.LCD_DrawPageFromBuffer  lcd_lib.o
    0x08000c9a   0x08000c9a   0x00000002   PAD
    0x08000c9c   0x08000c9c   0x00000074   Code   RO          296    i.LCD_FillMenuBuffer  lcd_main_menu.o
    0x08000d10   0x08000d10   0x00000054   Code   RO          180    i.LCD_GetHorizontalByte  lcd_lib.o
    0x08000d64   0x08000d64   0x00000088   Code   RO          181    i.LCD_Init          lcd_lib.o
    0x08000dec   0x08000dec   0x000000a4   Code   RO          182    i.LCD_PortsInit     lcd_lib.o
    0x08000e90   0x08000e90   0x00000084   Code   RO          184    i.LCD_SendByteData  lcd_lib.o
    0x08000f14   0x08000f14   0x00000038   Code   RO          185    i.LCD_SetAddr       lcd_lib.o
    0x08000f4c   0x08000f4c   0x00000010   Code   RO          186    i.LCD_SetBufferCursor  lcd_lib.o
    0x08000f5c   0x08000f5c   0x00000164   Code   RO          297    i.LCD_StartMainMenu  lcd_main_menu.o
    0x080010c0   0x080010c0   0x00000028   Code   RO          187    i.LCD_WriteStringToBuffer  lcd_lib.o
    0x080010e8   0x080010e8   0x00000074   Code   RO          188    i.LCD_WriteSymbolToBuffer  lcd_lib.o
    0x0800115c   0x0800115c   0x00000070   Code   RO          189    i.LCD_getUTF8SymbolIndex  lcd_lib.o
    0x080011cc   0x080011cc   0x00000154   Code   RO          190    i.LCD_writeHorStringToBuffer  lcd_lib.o
    0x08001320   0x08001320   0x00000014   Code   RO          374    i.NVIC_EnableIRQ    ir_remote_control.o
    0x08001334   0x08001334   0x00000020   Code   RO          882    i.RCC_AHBPeriphClockCmd  stm32f0xx_rcc.o
    0x08001354   0x08001354   0x00000020   Code   RO          884    i.RCC_APB1PeriphClockCmd  stm32f0xx_rcc.o
    0x08001374   0x08001374   0x00000020   Code   RO          886    i.RCC_APB2PeriphClockCmd  stm32f0xx_rcc.o
    0x08001394   0x08001394   0x00000248   Code   RO          896    i.RCC_GetClocksFreq  stm32f0xx_rcc.o
    0x080015dc   0x080015dc   0x0000001c   Code   RO         2037    i.SPI_Cmd           stm32f0xx_spi.o
    0x080015f8   0x080015f8   0x00000014   Code   RO         2046    i.SPI_I2S_GetFlagStatus  stm32f0xx_spi.o
    0x0800160c   0x0800160c   0x00000058   Code   RO         2051    i.SPI_Init          stm32f0xx_spi.o
    0x08001664   0x08001664   0x0000000a   Code   RO         2058    i.SPI_SendData8     stm32f0xx_spi.o
    0x0800166e   0x0800166e   0x00000002   PAD
    0x08001670   0x08001670   0x000000d8   Code   RO         2234    i.SetSysClock       system_stm32f0xx.o
    0x08001748   0x08001748   0x0000007c   Code   RO         2236    i.SystemInit        system_stm32f0xx.o
    0x080017c4   0x080017c4   0x00000038   Code   RO         1149    i.TI1_Config        stm32f0xx_tim.o
    0x080017fc   0x080017fc   0x0000004c   Code   RO         1150    i.TI2_Config        stm32f0xx_tim.o
    0x08001848   0x08001848   0x00000048   Code   RO         1151    i.TI3_Config        stm32f0xx_tim.o
    0x08001890   0x08001890   0x00000050   Code   RO         1152    i.TI4_Config        stm32f0xx_tim.o
    0x080018e0   0x080018e0   0x0000013c   Code   RO          430    i.TIM14_IRQHandler  speaker.o
    0x08001a1c   0x08001a1c   0x00000194   Code   RO          375    i.TIM15_IRQHandler  ir_remote_control.o
    0x08001bb0   0x08001bb0   0x000000fc   Code   RO          376    i.TIM1_CC_IRQHandler  ir_remote_control.o
    0x08001cac   0x08001cac   0x0000001e   Code   RO         1157    i.TIM_CCxCmd        stm32f0xx_tim.o
    0x08001cca   0x08001cca   0x00000006   Code   RO         1160    i.TIM_ClearITPendingBit  stm32f0xx_tim.o
    0x08001cd0   0x08001cd0   0x0000001c   Code   RO         1165    i.TIM_Cmd           stm32f0xx_tim.o
    0x08001cec   0x08001cec   0x00000006   Code   RO         1180    i.TIM_GetCapture1   stm32f0xx_tim.o
    0x08001cf2   0x08001cf2   0x00000026   Code   RO         1186    i.TIM_GetITStatus   stm32f0xx_tim.o
    0x08001d18   0x08001d18   0x00000070   Code   RO         1188    i.TIM_ICInit        stm32f0xx_tim.o
    0x08001d88   0x08001d88   0x00000014   Code   RO         1190    i.TIM_ITConfig      stm32f0xx_tim.o
    0x08001d9c   0x08001d9c   0x000000ac   Code   RO         1199    i.TIM_OC2Init       stm32f0xx_tim.o
    0x08001e48   0x08001e48   0x00000098   Code   RO         1204    i.TIM_OC3Init       stm32f0xx_tim.o
    0x08001ee0   0x08001ee0   0x00000070   Code   RO         1209    i.TIM_OC4Init       stm32f0xx_tim.o
    0x08001f50   0x08001f50   0x00000014   Code   RO         1212    i.TIM_OCStructInit  stm32f0xx_tim.o
    0x08001f64   0x08001f64   0x00000004   Code   RO         1226    i.TIM_SetAutoreload  stm32f0xx_tim.o
    0x08001f68   0x08001f68   0x00000014   Code   RO         1233    i.TIM_SetIC1Prescaler  stm32f0xx_tim.o
    0x08001f7c   0x08001f7c   0x00000018   Code   RO         1234    i.TIM_SetIC2Prescaler  stm32f0xx_tim.o
    0x08001f94   0x08001f94   0x00000014   Code   RO         1235    i.TIM_SetIC3Prescaler  stm32f0xx_tim.o
    0x08001fa8   0x08001fa8   0x00000018   Code   RO         1236    i.TIM_SetIC4Prescaler  stm32f0xx_tim.o
    0x08001fc0   0x08001fc0   0x0000007c   Code   RO         1238    i.TIM_TimeBaseInit  stm32f0xx_tim.o
    0x0800203c   0x0800203c   0x00000224   Code   RO          340    i.USART1_IRQHandler  my_uart.o
    0x08002260   0x08002260   0x00000012   Code   RO         1724    i.USART_ClearITPendingBit  stm32f0xx_usart.o
    0x08002272   0x08002272   0x00000018   Code   RO         1727    i.USART_Cmd         stm32f0xx_usart.o
    0x0800228a   0x0800228a   0x0000004e   Code   RO         1736    i.USART_GetITStatus  stm32f0xx_usart.o
    0x080022d8   0x080022d8   0x00000042   Code   RO         1738    i.USART_ITConfig    stm32f0xx_usart.o
    0x0800231a   0x0800231a   0x00000002   PAD
    0x0800231c   0x0800231c   0x000000f8   Code   RO         1739    i.USART_Init        stm32f0xx_usart.o
    0x08002414   0x08002414   0x0000000a   Code   RO         1751    i.USART_ReceiveData  stm32f0xx_usart.o
    0x0800241e   0x0800241e   0x0000001c   Code   RO          329    i.__ARM_common_switch8  lcd_main_menu.o
    0x0800243a   0x0800243a   0x0000000e   Code   RO         2323    i._is_digit         c_p.l(__printf_wp.o)
    0x08002448   0x08002448   0x00000044   Code   RO          111    i.buttonPinsInit    main_conf.o
    0x0800248c   0x0800248c   0x000000f8   Code   RO          678    i.checkAndShiftLines  game_tetris.o
    0x08002584   0x08002584   0x000000d8   Code   RO          607    i.checkGameEnd      game_2048.o
    0x0800265c   0x0800265c   0x000000ec   Code   RO          431    i.chooseSpeakerType  speaker.o
    0x08002748   0x08002748   0x0000001c   Code   RO          112    i.delayInit         main_conf.o
    0x08002764   0x08002764   0x00000024   Code   RO          113    i.delayUs           main_conf.o
    0x08002788   0x08002788   0x000000ac   Code   RO          509    i.difficultySelection  game_snake.o
    0x08002834   0x08002834   0x00000074   Code   RO          432    i.drawChooseMenu    speaker.o
    0x080028a8   0x080028a8   0x00000104   Code   RO          510    i.drawDiffMenu      game_snake.o
    0x080029ac   0x080029ac   0x000000b8   Code   RO          298    i.drawIrMode        lcd_main_menu.o
    0x08002a64   0x08002a64   0x0000008c   Code   RO          511    i.drawSongMenu      game_snake.o
    0x08002af0   0x08002af0   0x0000008c   Code   RO          679    i.drawSongMenuTetris  game_tetris.o
    0x08002b7c   0x08002b7c   0x00000058   Code   RO          433    i.drawSpeakerMenuBuffer  speaker.o
    0x08002bd4   0x08002bd4   0x00000378   Code   RO          512    i.gameInit          game_snake.o
    0x08002f4c   0x08002f4c   0x000000c4   Code   RO          608    i.gameInit          game_2048.o
    0x08003010   0x08003010   0x00000090   Code   RO          680    i.gameInit          game_tetris.o
    0x080030a0   0x080030a0   0x000006f4   Code   RO          513    i.genFood           game_snake.o
    0x08003794   0x08003794   0x0000003c   Code   RO          609    i.genNewNumber      game_2048.o
    0x080037d0   0x080037d0   0x00000070   Code   RO          681    i.genNextFigType    game_tetris.o
    0x08003840   0x08003840   0x00000074   Code   RO          610    i.getAvailableIndex  game_2048.o
    0x080038b4   0x080038b4   0x00000138   Code   RO          514    i.getNewTailDir     game_snake.o
    0x080039ec   0x080039ec   0x00000398   Code   RO          515    i.getNextHeadPx     game_snake.o
    0x08003d84   0x08003d84   0x00000678   Code   RO          377    i.irProtocolAnalyze  ir_remote_control.o
    0x080043fc   0x080043fc   0x00000330   Code   RO          299    i.irProtocolTest    lcd_main_menu.o
    0x0800472c   0x0800472c   0x00000198   Code   RO          378    i.irReseivTransInit  ir_remote_control.o
    0x080048c4   0x080048c4   0x00000054   Code   RO          114    i.isButtonPressed   main_conf.o
    0x08004918   0x08004918   0x00000040   Code   RO          682    i.isLost            game_tetris.o
    0x08004958   0x08004958   0x0000002c   Code   RO          115    i.ledPinsInit       main_conf.o
    0x08004984   0x08004984   0x0000002a   Code   RO            4    i.main              main.o
    0x080049ae   0x080049ae   0x00000002   PAD
    0x080049b0   0x080049b0   0x00000118   Code   RO          611    i.moveAndDrawMatrix  game_2048.o
    0x08004ac8   0x08004ac8   0x00000188   Code   RO          612    i.moveColAndEndCheck  game_2048.o
    0x08004c50   0x08004c50   0x00001730   Code   RO          516    i.moveSnakeHead     game_snake.o
    0x08006380   0x08006380   0x00000934   Code   RO          517    i.moveSnakeTail     game_snake.o
    0x08006cb4   0x08006cb4   0x0000006c   Code   RO          434    i.playBackgroundSong  speaker.o
    0x08006d20   0x08006d20   0x00000020   Code   RO          116    i.randLcg           main_conf.o
    0x08006d40   0x08006d40   0x00000260   Code   RO          683    i.rotate            game_tetris.o
    0x08006fa0   0x08006fa0   0x00000070   Code   RO          379    i.sendReceiveIrCommad  ir_remote_control.o
    0x08007010   0x08007010   0x000000bc   Code   RO          684    i.shiftAllDown      game_tetris.o
    0x080070cc   0x080070cc   0x00000148   Code   RO          685    i.shiftDown         game_tetris.o
    0x08007214   0x08007214   0x0000015c   Code   RO          686    i.shiftLeft         game_tetris.o
    0x08007370   0x08007370   0x00000158   Code   RO          687    i.shiftRight        game_tetris.o
    0x080074c8   0x080074c8   0x00000068   Code   RO          518    i.snakeInit         game_snake.o
    0x08007530   0x08007530   0x000000a0   Code   RO          519    i.snakeMove         game_snake.o
    0x080075d0   0x080075d0   0x00000064   Code   RO          435    i.songPause         speaker.o
    0x08007634   0x08007634   0x000000ac   Code   RO          520    i.songSelect        game_snake.o
    0x080076e0   0x080076e0   0x000000a8   Code   RO          688    i.songSelectTetris  game_tetris.o
    0x08007788   0x08007788   0x0000006c   Code   RO          436    i.songStop          speaker.o
    0x080077f4   0x080077f4   0x0000010c   Code   RO          437    i.speakerInit       speaker.o
    0x08007900   0x08007900   0x00000184   Code   RO          438    i.speakerMenu       speaker.o
    0x08007a84   0x08007a84   0x000000e8   Code   RO          439    i.speakerSetNote    speaker.o
    0x08007b6c   0x08007b6c   0x000000f0   Code   RO          613    i.startGame2048     game_2048.o
    0x08007c5c   0x08007c5c   0x00000324   Code   RO          521    i.startSnakeGame    game_snake.o
    0x08007f80   0x08007f80   0x0000028c   Code   RO          689    i.startTetrisGame   game_tetris.o
    0x0800820c   0x0800820c   0x000000c4   Code   RO          690    i.tgm3Randomizer    game_tetris.o
    0x080082d0   0x080082d0   0x00000098   Code   RO          341    i.uartPinsInit      my_uart.o
    0x08008368   0x08008368   0x000000c0   Code   RO          691    i.updateScoreAndFigure  game_tetris.o
    0x08008428   0x08008428   0x00000188   Code   RO          692    i.writeFigToField   game_tetris.o
    0x080085b0   0x080085b0   0x0000003c   Code   RO          614    i.writeMatrixToField  game_2048.o
    0x080085ec   0x080085ec   0x00000100   Code   RO          615    i.writeNumberToField  game_2048.o
    0x080086ec   0x080086ec   0x00000044   Code   RO          616    i.writeScore        game_2048.o
    0x08008730   0x08008730   0x00000120   Code   RO          522    i.writeSnakePic     game_snake.o
    0x08008850   0x08008850   0x00000064   Code   RO         2353    x$fpl$dleqf         fz_ps.l(dlef.o)
    0x080088b4   0x080088b4   0x00000000   Code   RO         2375    x$fpl$usenofp       fz_ps.l(usenofp.o)
    0x080088b4   0x080088b4   0x000003cc   Data   RO          192    .constdata          lcd_lib.o
    0x08008c80   0x08008c80   0x0000005f   Data   RO          300    .constdata          lcd_main_menu.o
    0x08008cdf   0x08008cdf   0x00000001   PAD
    0x08008ce0   0x08008ce0   0x0000058e   Data   RO          441    .constdata          speaker.o
    0x0800926e   0x0800926e   0x00000028   Data   RO         2296    .constdata          c_p.l(_printf_hex_int.o)
    0x08009296   0x08009296   0x00000011   Data   RO         2326    .constdata          c_p.l(__printf_flags_wp.o)
    0x080092a7   0x080092a7   0x00000001   PAD
    0x080092a8   0x080092a8   0x00000020   Data   RO         2546    Region$$Table       anon$$obj.o


    Execution Region ER_RW (Exec base: 0x20000000, Load base: 0x080092c8, Size: 0x00000124, Max: 0xffffffff, ABSOLUTE)

    Exec Addr    Load Addr    Size         Type   Attr      Idx    E Section Name        Object

    0x20000000   0x080092c8   0x0000000c   Data   RW          118    .data               main_conf.o
    0x2000000c   0x080092d4   0x0000001c   Data   RW          193    .data               lcd_lib.o
    0x20000028   0x080092f0   0x00000005   Data   RW          301    .data               lcd_main_menu.o
    0x2000002d   0x080092f5   0x00000001   PAD
    0x2000002e   0x080092f6   0x00000002   Data   RW          343    .data               my_uart.o
    0x20000030   0x080092f8   0x00000006   Data   RW          381    .data               ir_remote_control.o
    0x20000036   0x080092fe   0x00000002   PAD
    0x20000038   0x08009300   0x00000004   Data   RW          442    .data               speaker.o
    0x2000003c   0x08009304   0x00000017   Data   RW          524    .data               game_snake.o
    0x20000053   0x0800931b   0x00000001   PAD
    0x20000054   0x0800931c   0x0000004c   Data   RW          617    .data               game_2048.o
    0x200000a0   0x08009368   0x0000005e   Data   RW          693    .data               game_tetris.o
    0x200000fe   0x080093c6   0x00000010   Data   RW          922    .data               stm32f0xx_rcc.o
    0x2000010e   0x080093d6   0x00000002   PAD
    0x20000110   0x080093d8   0x00000014   Data   RW         2237    .data               system_stm32f0xx.o


    Execution Region ER_ZI (Exec base: 0x20000124, Load base: 0x080093ec, Size: 0x000009f4, Max: 0xffffffff, ABSOLUTE)

    Exec Addr    Load Addr    Size         Type   Attr      Idx    E Section Name        Object

    0x20000124        -       0x00000028   Zero   RW          117    .bss                main_conf.o
    0x2000014c        -       0x00000400   Zero   RW          191    .bss                lcd_lib.o
    0x2000054c        -       0x00000104   Zero   RW          342    .bss                my_uart.o
    0x20000650        -       0x00000148   Zero   RW          380    .bss                ir_remote_control.o
    0x20000798        -       0x00000014   Zero   RW          440    .bss                speaker.o
    0x200007ac        -       0x0000000c   Zero   RW          523    .bss                game_snake.o
    0x200007b8        -       0x00000060   Zero   RW         2417    .bss                c_p.l(libspace.o)
    0x20000818        -       0x00000000   Zero   RW         2270    HEAP                startup_stm32f051x8.o
    0x20000818        -       0x00000300   Zero   RW         2269    STACK               startup_stm32f051x8.o


==============================================================================

Image component sizes


      Code (inc. data)   RO Data    RW Data    ZI Data      Debug   Object Name

      1884        158          0         76          0       8044   game_2048.o
     14292        604          0         23         12      10821   game_snake.o
      4124        504          0         94          0      12155   game_tetris.o
      2852        338          0          6        328       7768   ir_remote_control.o
      1422         90        972         28       1024      11142   lcd_lib.o
      1500        316         95          5          0       3484   lcd_main_menu.o
        44          0          0          0          0     220583   main.o
       292         48          0         12         40       3920   main_conf.o
       700         76          0          2        260       8060   my_uart.o
      1960        364       1422          4         20      10600   speaker.o
        52         22        188          0        768        616   startup_stm32f051x8.o
       264          0          0          0          0      20664   stm32f0xx_gpio.o
       680         42          0         16          0      16254   stm32f0xx_rcc.o
       146         16          0          0          0      11981   stm32f0xx_spi.o
      1196        172          0          0          0      34143   stm32f0xx_tim.o
       444         22          0          0          0      14820   stm32f0xx_usart.o
       340         24          0         20          0       2081   system_stm32f0xx.o

    ----------------------------------------------------------------------
     32200       2796       2710        292       2452     397136   Object Totals
         0          0         32          0          0          0   (incl. Generated)
         8          0          1          6          0          0   (incl. Padding)

    ----------------------------------------------------------------------

      Code (inc. data)   RO Data    RW Data    ZI Data      Debug   Library Member Name

         8          0          0          0          0         68   __main.o
       312          6         17          0          0         76   __printf_flags_wp.o
        14          0          0          0          0         60   __printf_wp.o
         0          0          0          0          0          0   __rtentry.o
        12          0          0          0          0          0   __rtentry2.o
         6          0          0          0          0          0   __rtentry4.o
        60          8          0          0          0          0   __scatter.o
        26          0          0          0          0          0   __scatter_copy.o
        28          0          0          0          0          0   __scatter_zi.o
        48          6          0          0          0         88   _printf_char_common.o
        10          0          0          0          0          0   _printf_d.o
       108         18          0          0          0         76   _printf_dec.o
        88          4         40          0          0         72   _printf_hex_int.o
       176          0          0          0          0         84   _printf_intcommon.o
        78          0          0          0          0        100   _printf_pad.o
         2          0          0          0          0          0   _printf_percent.o
         4          0          0          0          0          0   _printf_percent_end.o
        10          0          0          0          0          0   _printf_u.o
        10          0          0          0          0          0   _printf_x.o
        10          0          0          0          0         60   _sputc.o
       346          0          0          0          0         92   aeabi_sdiv.o
        16          0          0          0          0         68   exit.o
         6          0          0          0          0        136   heapauxi.o
         0          0          0          0          0          0   indicate_semi.o
         2          0          0          0          0          0   libinit.o
         2          0          0          0          0          0   libinit2.o
         2          0          0          0          0          0   libshutdown.o
         2          0          0          0          0          0   libshutdown2.o
         8          4          0          0         96         68   libspace.o
        32          0          0          0          0         68   llshl.o
       258          0          0          0          0         88   lludiv.o
        40          4          0          0          0         84   noretval__2sprintf.o
        64          0          0          0          0        108   rt_memclr.o
       186          0          0          0          0        144   rt_memcpy.o
         2          0          0          0          0          0   rtexit.o
        10          0          0          0          0          0   rtexit2.o
        40          0          0          0          0         60   rtudiv10.o
        12          4          0          0          0         60   sys_exit.o
        62          0          0          0          0         80   sys_stackheap_outer.o
         2          0          0          0          0         68   use_no_semi.o
        46          0          0          0          0         60   cmpret.o
       144          4          0          0          0         76   dcmpin.o
        88          0          0          0          0         92   dflti.o
       100          4          0          0          0         92   dlef.o
        20          6          0          0          0         68   dnan2.o
        94          0          0          0          0         68   retnan.o
         0          0          0          0          0          0   usenofp.o

    ----------------------------------------------------------------------
      2608         68         58          0         96       2264   Library Totals
        14          0          1          0          0          0   (incl. Padding)

    ----------------------------------------------------------------------

      Code (inc. data)   RO Data    RW Data    ZI Data      Debug   Library Name

      2102         54         57          0         96       1808   c_p.l
       492         14          0          0          0        456   fz_ps.l

    ----------------------------------------------------------------------
      2608         68         58          0         96       2264   Library Totals

    ----------------------------------------------------------------------

==============================================================================


      Code (inc. data)   RO Data    RW Data    ZI Data      Debug   

     34808       2864       2768        292       2548     392948   Grand Totals
     34808       2864       2768        292       2548     392948   ELF Image Totals
     34808       2864       2768        292          0          0   ROM Totals

==============================================================================

    Total RO  Size (Code + RO Data)                37576 (  36.70kB)
    Total RW  Size (RW Data + ZI Data)              2840 (   2.77kB)
    Total ROM Size (Code + RO Data + RW Data)      37868 (  36.98kB)

==============================================================================

